gpu torch available:  True
device name:  NVIDIA H100 NVL
training on stage: 9
making new model dir: /home/kaushik/project/deep-rl-robot-navigation/src/turtlebot3_drl/model/fond-filly/ddpg_17_stage_9
[warmstart] loaded best weights from /home/kaushik/project/deep-rl-robot-navigation/src/turtlebot3_drl/model/fond-filly/ddpg_13_stage_9; fresh buffer; observe skipped
Epi: 1    R: 2       outcome: SUCCESS      steps: 30    steps_total: 25030  time: 0.66  
saving data for episode: 1, location: /home/kaushik/project/deep-rl-robot-navigation/src/turtlebot3_drl/model/fond-filly/ddpg_17_stage_9
saving actor model for episode: 1
saving target_actor model for episode: 1
saving critic model for episode: 1
saving target_critic model for episode: 1
Epi: 2    R: 1       outcome: COLL_WALL    steps: 97    steps_total: 25127  time: 1.79  
Epi: 3    R: -0      outcome: COLL_WALL    steps: 139   steps_total: 25266  time: 6.23  
Epi: 4    R: -12     outcome: COLL_WALL    steps: 586   steps_total: 25852  time: 24.08 
Epi: 5    R: -3      outcome: COLL_WALL    steps: 72    steps_total: 25924  time: 3.11  
Epi: 6    R: 2       outcome: SUCCESS      steps: 170   steps_total: 26094  time: 6.78  
Epi: 7    R: -2      outcome: COLL_WALL    steps: 46    steps_total: 26140  time: 1.58  
Epi: 8    R: 2       outcome: SUCCESS      steps: 98    steps_total: 26238  time: 4.17  
Epi: 9    R: -1      outcome: COLL_WALL    steps: 62    steps_total: 26300  time: 2.62  
Epi: 10   R: -1      outcome: COLL_WALL    steps: 73    steps_total: 26373  time: 3.10  
Epi: 11   R: 3       outcome: SUCCESS      steps: 124   steps_total: 26497  time: 5.31  
Epi: 12   R: -1      outcome: COLL_WALL    steps: 111   steps_total: 26608  time: 4.36  
Epi: 13   R: -1      outcome: COLL_WALL    steps: 30    steps_total: 26638  time: 1.04  
Epi: 14   R: -3      outcome: COLL_WALL    steps: 132   steps_total: 26770  time: 5.63  
Epi: 15   R: 3       outcome: SUCCESS      steps: 67    steps_total: 26837  time: 2.88  
Epi: 16   R: -3      outcome: COLL_WALL    steps: 30    steps_total: 26867  time: 1.29  
Epi: 17   R: -1      outcome: COLL_WALL    steps: 68    steps_total: 26935  time: 2.90  
Epi: 18   R: -2      outcome: COLL_WALL    steps: 39    steps_total: 26974  time: 1.67  
Epi: 19   R: -1      outcome: COLL_WALL    steps: 114   steps_total: 27088  time: 4.50  
Epi: 20   R: -1      outcome: COLL_WALL    steps: 114   steps_total: 27202  time: 4.19  
Epi: 21   R: -1      outcome: COLL_WALL    steps: 74    steps_total: 27276  time: 3.16  
Epi: 22   R: -0      outcome: COLL_WALL    steps: 138   steps_total: 27414  time: 5.90  
Epi: 23   R: -1      outcome: COLL_WALL    steps: 104   steps_total: 27518  time: 4.39  
Epi: 24   R: -1      outcome: COLL_WALL    steps: 121   steps_total: 27639  time: 4.29  
Epi: 25   R: 3       outcome: SUCCESS      steps: 169   steps_total: 27808  time: 6.48  
Epi: 26   R: -0      outcome: COLL_WALL    steps: 80    steps_total: 27888  time: 3.35  
Epi: 27   R: 4       outcome: SUCCESS      steps: 327   steps_total: 28215  time: 13.27 
Epi: 28   R: -0      outcome: COLL_WALL    steps: 89    steps_total: 28304  time: 3.52  
Epi: 29   R: -1      outcome: COLL_WALL    steps: 121   steps_total: 28425  time: 5.22  
Epi: 30   R: -2      outcome: COLL_WALL    steps: 117   steps_total: 28542  time: 5.10  
Epi: 31   R: -1      outcome: COLL_WALL    steps: 128   steps_total: 28670  time: 5.35  
Epi: 32   R: -2      outcome: COLL_WALL    steps: 30    steps_total: 28700  time: 0.98  
Epi: 33   R: -2      outcome: COLL_WALL    steps: 85    steps_total: 28785  time: 2.82  
Epi: 34   R: -0      outcome: COLL_WALL    steps: 409   steps_total: 29194  time: 17.30 
Epi: 35   R: -2      outcome: COLL_WALL    steps: 67    steps_total: 29261  time: 2.46  
Epi: 36   R: 1       outcome: TUMBLE       steps: 69    steps_total: 29330  time: 2.20  
Epi: 37   R: 4       outcome: SUCCESS      steps: 206   steps_total: 29536  time: 8.74  
Epi: 38   R: -2      outcome: COLL_WALL    steps: 40    steps_total: 29576  time: 1.71  
Epi: 39   R: -2      outcome: COLL_WALL    steps: 60    steps_total: 29636  time: 2.54  
Epi: 40   R: -4      outcome: COLL_WALL    steps: 58    steps_total: 29694  time: 2.47  
Epi: 41   R: -1      outcome: COLL_WALL    steps: 97    steps_total: 29791  time: 3.55  
Epi: 42   R: -2      outcome: COLL_WALL    steps: 51    steps_total: 29842  time: 1.42  
Epi: 43   R: -0      outcome: COLL_WALL    steps: 195   steps_total: 30037  time: 8.28  
Epi: 44   R: -0      outcome: COLL_WALL    steps: 197   steps_total: 30234  time: 8.37  
Epi: 45   R: -1      outcome: COLL_WALL    steps: 166   steps_total: 30400  time: 6.07  
Epi: 46   R: -1      outcome: COLL_WALL    steps: 74    steps_total: 30474  time: 3.12  
Epi: 47   R: -2      outcome: TUMBLE       steps: 30    steps_total: 30504  time: 1.26  
Epi: 48   R: -0      outcome: COLL_WALL    steps: 91    steps_total: 30595  time: 3.87  
Epi: 49   R: 4       outcome: SUCCESS      steps: 193   steps_total: 30788  time: 8.10  
Epi: 50   R: 1       outcome: COLL_WALL    steps: 116   steps_total: 30904  time: 3.97  
Epi: 51   R: -2      outcome: COLL_WALL    steps: 30    steps_total: 30934  time: 1.28  
Epi: 52   R: -0      outcome: COLL_WALL    steps: 187   steps_total: 31121  time: 7.97  
Epi: 53   R: 1       outcome: COLL_WALL    steps: 201   steps_total: 31322  time: 8.50  
Epi: 54   R: 1       outcome: COLL_WALL    steps: 173   steps_total: 31495  time: 6.35  
Epi: 55   R: 0       outcome: SUCCESS      steps: 30    steps_total: 31525  time: 1.27  
Epi: 56   R: -1      outcome: COLL_WALL    steps: 67    steps_total: 31592  time: 2.86  
Epi: 57   R: -1      outcome: COLL_WALL    steps: 109   steps_total: 31701  time: 4.70  
Epi: 58   R: 2       outcome: SUCCESS      steps: 36    steps_total: 31737  time: 1.55  
Epi: 59   R: -1      outcome: COLL_WALL    steps: 89    steps_total: 31826  time: 3.70  
Epi: 60   R: -3      outcome: COLL_WALL    steps: 138   steps_total: 31964  time: 5.04  
Epi: 61   R: -3      outcome: COLL_WALL    steps: 269   steps_total: 32233  time: 11.43 
Epi: 62   R: -2      outcome: COLL_WALL    steps: 195   steps_total: 32428  time: 7.96  
Epi: 63   R: -0      outcome: COLL_WALL    steps: 251   steps_total: 32679  time: 10.03 
Epi: 64   R: 2       outcome: SUCCESS      steps: 76    steps_total: 32755  time: 3.25  
Epi: 65   R: -3      outcome: COLL_WALL    steps: 120   steps_total: 32875  time: 5.15  
Epi: 66   R: 4       outcome: SUCCESS      steps: 204   steps_total: 33079  time: 7.71  
Epi: 67   R: 0       outcome: COLL_WALL    steps: 113   steps_total: 33192  time: 4.92  
Epi: 68   R: -3      outcome: COLL_WALL    steps: 45    steps_total: 33237  time: 2.06  
Epi: 69   R: 4       outcome: SUCCESS      steps: 279   steps_total: 33516  time: 11.80 
Epi: 70   R: -1      outcome: COLL_WALL    steps: 30    steps_total: 33546  time: 1.35  
Epi: 71   R: -1      outcome: COLL_WALL    steps: 87    steps_total: 33633  time: 3.74  
Epi: 72   R: -4      outcome: COLL_WALL    steps: 117   steps_total: 33750  time: 5.00  
Epi: 73   R: -2      outcome: COLL_WALL    steps: 33    steps_total: 33783  time: 1.41  
Epi: 74   R: -4      outcome: COLL_WALL    steps: 426   steps_total: 34209  time: 17.03 
Epi: 75   R: -1      outcome: COLL_WALL    steps: 218   steps_total: 34427  time: 9.42  
Epi: 76   R: -1      outcome: COLL_WALL    steps: 38    steps_total: 34465  time: 1.65  
Epi: 77   R: -2      outcome: COLL_WALL    steps: 185   steps_total: 34650  time: 6.45  
Epi: 78   R: -2      outcome: COLL_WALL    steps: 91    steps_total: 34741  time: 3.85  
Epi: 79   R: -2      outcome: COLL_WALL    steps: 86    steps_total: 34827  time: 3.68  
Epi: 80   R: -1      outcome: COLL_WALL    steps: 34    steps_total: 34861  time: 1.44  
Epi: 81   R: -3      outcome: COLL_WALL    steps: 126   steps_total: 34987  time: 5.37  
Epi: 82   R: -5      outcome: COLL_WALL    steps: 573   steps_total: 35560  time: 22.70 
Epi: 83   R: -0      outcome: TIMEOUT      steps: 531   steps_total: 36091  time: 20.47 
Epi: 84   R: -1      outcome: TIMEOUT      steps: 543   steps_total: 36634  time: 20.14 
Epi: 85   R: -7      outcome: COLL_WALL    steps: 496   steps_total: 37130  time: 19.45 
Epi: 86   R: -0      outcome: TIMEOUT      steps: 665   steps_total: 37795  time: 27.31 
Epi: 87   R: 3       outcome: SUCCESS      steps: 607   steps_total: 38402  time: 25.39 
Epi: 88   R: -1      outcome: COLL_WALL    steps: 213   steps_total: 38615  time: 8.40  
Epi: 89   R: 2       outcome: SUCCESS      steps: 260   steps_total: 38875  time: 10.44 
Epi: 90   R: -2      outcome: COLL_WALL    steps: 99    steps_total: 38974  time: 4.22  
Epi: 91   R: -2      outcome: COLL_WALL    steps: 46    steps_total: 39020  time: 1.99  
Epi: 92   R: -1      outcome: COLL_WALL    steps: 52    steps_total: 39072  time: 2.15  
Epi: 93   R: -1      outcome: COLL_WALL    steps: 230   steps_total: 39302  time: 8.92  
Epi: 94   R: 0       outcome: COLL_WALL    steps: 161   steps_total: 39463  time: 6.93  
Epi: 95   R: -1      outcome: COLL_WALL    steps: 90    steps_total: 39553  time: 3.84  
Epi: 96   R: -9      outcome: COLL_WALL    steps: 706   steps_total: 40259  time: 28.40 
Epi: 97   R: 2       outcome: COLL_WALL    steps: 741   steps_total: 41000  time: 27.86 
Epi: 98   R: -2      outcome: COLL_WALL    steps: 151   steps_total: 41151  time: 6.36  
Epi: 99   R: 3       outcome: SUCCESS      steps: 475   steps_total: 41626  time: 18.49 
Epi: 100  R: -1      outcome: SUCCESS      steps: 570   steps_total: 42196  time: 22.79 
saving data for episode: 100, location: /home/kaushik/project/deep-rl-robot-navigation/src/turtlebot3_drl/model/fond-filly/ddpg_17_stage_9
saving actor model for episode: 100
saving target_actor model for episode: 100
saving critic model for episode: 100
saving target_critic model for episode: 100
[val] ep 100: 30.0% over 20 det. eps  |  best: -100.0% @ ep 0
[val] NEW BEST CHECKPOINT — ep 100, success 30.0%
Epi: 101  R: -2      outcome: COLL_WALL    steps: 329   steps_total: 42525  time: 13.54 
Epi: 102  R: 4       outcome: SUCCESS      steps: 307   steps_total: 42832  time: 12.42 
Epi: 103  R: -1      outcome: COLL_WALL    steps: 59    steps_total: 42891  time: 2.48  
Epi: 104  R: 1       outcome: SUCCESS      steps: 244   steps_total: 43135  time: 9.22  
Epi: 105  R: -3      outcome: COLL_WALL    steps: 30    steps_total: 43165  time: 1.27  
Epi: 106  R: 3       outcome: SUCCESS      steps: 197   steps_total: 43362  time: 8.25  
Epi: 107  R: -0      outcome: COLL_WALL    steps: 446   steps_total: 43808  time: 17.47 
Epi: 108  R: -3      outcome: COLL_WALL    steps: 532   steps_total: 44340  time: 20.91 
Epi: 109  R: -2      outcome: COLL_WALL    steps: 208   steps_total: 44548  time: 8.68  
Epi: 110  R: -1      outcome: COLL_WALL    steps: 362   steps_total: 44910  time: 13.83 
Epi: 111  R: -2      outcome: COLL_WALL    steps: 30    steps_total: 44940  time: 1.27  
Epi: 112  R: -1      outcome: COLL_WALL    steps: 31    steps_total: 44971  time: 1.30  
Epi: 113  R: -8      outcome: COLL_WALL    steps: 594   steps_total: 45565  time: 23.93 
Epi: 114  R: -2      outcome: COLL_WALL    steps: 30    steps_total: 45595  time: 1.28  
Epi: 115  R: -4      outcome: COLL_WALL    steps: 352   steps_total: 45947  time: 14.32 
Epi: 116  R: -1      outcome: COLL_WALL    steps: 202   steps_total: 46149  time: 7.35  
Epi: 117  R: -1      outcome: COLL_WALL    steps: 105   steps_total: 46254  time: 4.23  
Epi: 118  R: -2      outcome: COLL_WALL    steps: 50    steps_total: 46304  time: 2.00  
Epi: 119  R: -3      outcome: COLL_WALL    steps: 265   steps_total: 46569  time: 10.09 
Epi: 120  R: -2      outcome: COLL_WALL    steps: 284   steps_total: 46853  time: 10.45 
Epi: 121  R: -2      outcome: COLL_WALL    steps: 49    steps_total: 46902  time: 1.88  
Epi: 122  R: -2      outcome: COLL_WALL    steps: 88    steps_total: 46990  time: 3.39  
Epi: 123  R: -3      outcome: COLL_WALL    steps: 225   steps_total: 47215  time: 7.92  
Epi: 124  R: 3       outcome: SUCCESS      steps: 245   steps_total: 47460  time: 9.74  
Epi: 125  R: -1      outcome: COLL_WALL    steps: 269   steps_total: 47729  time: 10.28 
Epi: 126  R: 0       outcome: COLL_WALL    steps: 221   steps_total: 47950  time: 7.56  
Epi: 127  R: 4       outcome: SUCCESS      steps: 312   steps_total: 48262  time: 12.01 
Epi: 128  R: -2      outcome: COLL_WALL    steps: 34    steps_total: 48296  time: 1.20  
Epi: 129  R: 2       outcome: SUCCESS      steps: 226   steps_total: 48522  time: 7.68  
Epi: 130  R: -2      outcome: TUMBLE       steps: 30    steps_total: 48552  time: 1.16  
Epi: 131  R: -0      outcome: TUMBLE       steps: 30    steps_total: 48582  time: 1.17  
Epi: 132  R: -2      outcome: COLL_WALL    steps: 33    steps_total: 48615  time: 1.28  
Epi: 133  R: -5      outcome: COLL_WALL    steps: 258   steps_total: 48873  time: 9.90  
Epi: 134  R: 3       outcome: SUCCESS      steps: 319   steps_total: 49192  time: 11.47 
Epi: 135  R: -0      outcome: COLL_WALL    steps: 305   steps_total: 49497  time: 12.62 
Epi: 136  R: -1      outcome: TIMEOUT      steps: 633   steps_total: 50130  time: 25.59 
Epi: 137  R: -5      outcome: COLL_WALL    steps: 311   steps_total: 50441  time: 12.48 
Epi: 138  R: -3      outcome: COLL_WALL    steps: 94    steps_total: 50535  time: 4.02  
Epi: 139  R: -0      outcome: COLL_WALL    steps: 411   steps_total: 50946  time: 15.97 
Epi: 140  R: -2      outcome: COLL_WALL    steps: 319   steps_total: 51265  time: 12.80 
Epi: 141  R: 3       outcome: SUCCESS      steps: 99    steps_total: 51364  time: 3.73  
Epi: 142  R: -1      outcome: TIMEOUT      steps: 568   steps_total: 51932  time: 22.50 
Epi: 143  R: -2      outcome: COLL_WALL    steps: 30    steps_total: 51962  time: 1.25  
Epi: 144  R: -1      outcome: COLL_WALL    steps: 30    steps_total: 51992  time: 1.25  
Epi: 145  R: 3       outcome: SUCCESS      steps: 555   steps_total: 52547  time: 21.60 
Epi: 146  R: -1      outcome: COLL_WALL    steps: 31    steps_total: 52578  time: 1.26  
Epi: 147  R: -1      outcome: COLL_WALL    steps: 148   steps_total: 52726  time: 6.19  
Epi: 148  R: -2      outcome: COLL_WALL    steps: 81    steps_total: 52807  time: 3.37  
Epi: 149  R: -3      outcome: COLL_WALL    steps: 186   steps_total: 52993  time: 7.26  
Epi: 150  R: -3      outcome: COLL_WALL    steps: 370   steps_total: 53363  time: 15.58 
Epi: 151  R: -1      outcome: COLL_WALL    steps: 30    steps_total: 53393  time: 1.27  
Epi: 152  R: -2      outcome: COLL_WALL    steps: 164   steps_total: 53557  time: 5.88  
Epi: 153  R: -1      outcome: COLL_WALL    steps: 63    steps_total: 53620  time: 2.62  
Epi: 154  R: -2      outcome: COLL_WALL    steps: 186   steps_total: 53806  time: 7.72  
Epi: 155  R: 3       outcome: SUCCESS      steps: 123   steps_total: 53929  time: 5.09  
Epi: 156  R: -4      outcome: COLL_WALL    steps: 496   steps_total: 54425  time: 19.17 
Epi: 157  R: 0       outcome: COLL_WALL    steps: 190   steps_total: 54615  time: 7.63  
Epi: 158  R: -2      outcome: COLL_WALL    steps: 34    steps_total: 54649  time: 1.26  
Epi: 159  R: 1       outcome: COLL_WALL    steps: 428   steps_total: 55077  time: 17.11 
Epi: 160  R: 0       outcome: COLL_WALL    steps: 66    steps_total: 55143  time: 2.80  
Epi: 161  R: -1      outcome: COLL_WALL    steps: 172   steps_total: 55315  time: 6.13  
Epi: 162  R: -2      outcome: COLL_WALL    steps: 93    steps_total: 55408  time: 3.95  
Epi: 163  R: -2      outcome: COLL_WALL    steps: 134   steps_total: 55542  time: 5.70  
Epi: 164  R: 4       outcome: SUCCESS      steps: 122   steps_total: 55664  time: 5.18  
Epi: 165  R: 5       outcome: SUCCESS      steps: 147   steps_total: 55811  time: 5.54  
Epi: 166  R: -1      outcome: COLL_WALL    steps: 65    steps_total: 55876  time: 2.65  
Epi: 167  R: -1      outcome: COLL_WALL    steps: 89    steps_total: 55965  time: 3.82  
Epi: 168  R: -2      outcome: COLL_WALL    steps: 50    steps_total: 56015  time: 2.14  
Epi: 169  R: -2      outcome: COLL_WALL    steps: 136   steps_total: 56151  time: 5.70  
Epi: 170  R: 2       outcome: SUCCESS      steps: 30    steps_total: 56181  time: 1.27  
Epi: 171  R: -0      outcome: COLL_WALL    steps: 342   steps_total: 56523  time: 13.37 
Epi: 172  R: -2      outcome: COLL_WALL    steps: 63    steps_total: 56586  time: 2.69  
Epi: 173  R: -0      outcome: COLL_WALL    steps: 147   steps_total: 56733  time: 6.20  
Epi: 174  R: -3      outcome: COLL_WALL    steps: 32    steps_total: 56765  time: 1.36  
Epi: 175  R: -1      outcome: COLL_WALL    steps: 155   steps_total: 56920  time: 5.32  
Epi: 176  R: -1      outcome: COLL_WALL    steps: 205   steps_total: 57125  time: 8.87  
Epi: 177  R: -3      outcome: COLL_WALL    steps: 186   steps_total: 57311  time: 8.10  
Epi: 178  R: -2      outcome: COLL_WALL    steps: 54    steps_total: 57365  time: 2.11  
Epi: 179  R: -1      outcome: COLL_WALL    steps: 135   steps_total: 57500  time: 5.09  
Epi: 180  R: -1      outcome: COLL_WALL    steps: 187   steps_total: 57687  time: 7.96  
Epi: 181  R: 4       outcome: SUCCESS      steps: 122   steps_total: 57809  time: 5.20  
Epi: 182  R: -0      outcome: COLL_WALL    steps: 65    steps_total: 57874  time: 2.61  
Epi: 183  R: -2      outcome: COLL_WALL    steps: 198   steps_total: 58072  time: 7.30  
Epi: 184  R: 3       outcome: SUCCESS      steps: 100   steps_total: 58172  time: 4.23  
Epi: 185  R: 1       outcome: COLL_WALL    steps: 134   steps_total: 58306  time: 5.66  
Epi: 186  R: -2      outcome: COLL_WALL    steps: 30    steps_total: 58336  time: 1.27  
Epi: 187  R: -1      outcome: COLL_WALL    steps: 150   steps_total: 58486  time: 5.82  
Epi: 188  R: -2      outcome: COLL_WALL    steps: 50    steps_total: 58536  time: 1.69  
Epi: 189  R: -3      outcome: COLL_WALL    steps: 463   steps_total: 58999  time: 18.83 
Epi: 190  R: 3       outcome: SUCCESS      steps: 100   steps_total: 59099  time: 3.12  
Epi: 191  R: -1      outcome: COLL_WALL    steps: 148   steps_total: 59247  time: 6.09  
Epi: 192  R: -7      outcome: COLL_WALL    steps: 470   steps_total: 59717  time: 18.73 
Epi: 193  R: 4       outcome: SUCCESS      steps: 152   steps_total: 59869  time: 6.39  
Epi: 194  R: -2      outcome: COLL_WALL    steps: 30    steps_total: 59899  time: 1.28  
Epi: 195  R: 2       outcome: SUCCESS      steps: 163   steps_total: 60062  time: 6.91  
Epi: 196  R: -1      outcome: COLL_WALL    steps: 75    steps_total: 60137  time: 2.85  
Epi: 197  R: 4       outcome: SUCCESS      steps: 181   steps_total: 60318  time: 6.88  
Epi: 198  R: -0      outcome: COLL_WALL    steps: 87    steps_total: 60405  time: 3.63  
Epi: 199  R: 0       outcome: COLL_WALL    steps: 108   steps_total: 60513  time: 4.47  
Epi: 200  R: 3       outcome: SUCCESS      steps: 74    steps_total: 60587  time: 3.06  
saving data for episode: 200, location: /home/kaushik/project/deep-rl-robot-navigation/src/turtlebot3_drl/model/fond-filly/ddpg_17_stage_9
saving actor model for episode: 200
saving target_actor model for episode: 200
saving critic model for episode: 200
saving target_critic model for episode: 200
[val] ep 200: 50.0% over 20 det. eps  |  best: 30.0% @ ep 100
[val] NEW BEST CHECKPOINT — ep 200, success 50.0%
Epi: 201  R: 0       outcome: COLL_WALL    steps: 118   steps_total: 60705  time: 4.06  
Epi: 202  R: 1       outcome: SUCCESS      steps: 153   steps_total: 60858  time: 6.53  
Epi: 203  R: -2      outcome: COLL_WALL    steps: 53    steps_total: 60911  time: 2.29  
Epi: 204  R: -2      outcome: COLL_WALL    steps: 125   steps_total: 61036  time: 5.44  
Epi: 205  R: -2      outcome: COLL_WALL    steps: 38    steps_total: 61074  time: 1.66  
Epi: 206  R: -4      outcome: COLL_WALL    steps: 262   steps_total: 61336  time: 10.16 
Epi: 207  R: -2      outcome: COLL_WALL    steps: 30    steps_total: 61366  time: 1.26  
Epi: 208  R: -1      outcome: COLL_WALL    steps: 117   steps_total: 61483  time: 4.89  
Epi: 209  R: -1      outcome: COLL_WALL    steps: 119   steps_total: 61602  time: 5.01  
Epi: 210  R: -7      outcome: COLL_WALL    steps: 429   steps_total: 62031  time: 17.19 
Epi: 211  R: 3       outcome: SUCCESS      steps: 110   steps_total: 62141  time: 4.62  
Epi: 212  R: -4      outcome: COLL_WALL    steps: 283   steps_total: 62424  time: 10.64 
Epi: 213  R: -1      outcome: COLL_WALL    steps: 153   steps_total: 62577  time: 6.53  
Epi: 214  R: 4       outcome: SUCCESS      steps: 91    steps_total: 62668  time: 3.88  
Epi: 215  R: -1      outcome: COLL_WALL    steps: 51    steps_total: 62719  time: 2.16  
Epi: 216  R: 3       outcome: SUCCESS      steps: 111   steps_total: 62830  time: 4.27  
Epi: 217  R: -1      outcome: COLL_WALL    steps: 215   steps_total: 63045  time: 8.20  
Epi: 218  R: -2      outcome: COLL_WALL    steps: 30    steps_total: 63075  time: 1.27  
Epi: 219  R: 3       outcome: SUCCESS      steps: 233   steps_total: 63308  time: 9.88  
Epi: 220  R: 3       outcome: SUCCESS      steps: 358   steps_total: 63666  time: 14.22 
Epi: 221  R: -0      outcome: COLL_WALL    steps: 117   steps_total: 63783  time: 4.95  
Epi: 222  R: 3       outcome: SUCCESS      steps: 156   steps_total: 63939  time: 5.78  
Epi: 223  R: -1      outcome: COLL_WALL    steps: 65    steps_total: 64004  time: 2.72  
Epi: 224  R: 1       outcome: SUCCESS      steps: 72    steps_total: 64076  time: 3.03  
Epi: 225  R: 5       outcome: SUCCESS      steps: 172   steps_total: 64248  time: 7.33  
Epi: 226  R: 5       outcome: SUCCESS      steps: 162   steps_total: 64410  time: 6.58  
Epi: 227  R: -4      outcome: COLL_WALL    steps: 108   steps_total: 64518  time: 3.83  
Epi: 228  R: 4       outcome: SUCCESS      steps: 241   steps_total: 64759  time: 10.29 
Epi: 229  R: 5       outcome: SUCCESS      steps: 149   steps_total: 64908  time: 6.33  
Epi: 230  R: -2      outcome: COLL_WALL    steps: 104   steps_total: 65012  time: 3.94  
Epi: 231  R: 5       outcome: SUCCESS      steps: 255   steps_total: 65267  time: 10.79 
Epi: 232  R: 4       outcome: SUCCESS      steps: 212   steps_total: 65479  time: 8.91  
Epi: 233  R: -1      outcome: COLL_WALL    steps: 36    steps_total: 65515  time: 1.22  
Epi: 234  R: -2      outcome: COLL_WALL    steps: 117   steps_total: 65632  time: 4.05  
Epi: 235  R: -1      outcome: COLL_WALL    steps: 108   steps_total: 65740  time: 4.48  
Epi: 236  R: 3       outcome: SUCCESS      steps: 208   steps_total: 65948  time: 8.76  
Epi: 237  R: 5       outcome: SUCCESS      steps: 189   steps_total: 66137  time: 6.77  
Epi: 238  R: -1      outcome: COLL_WALL    steps: 160   steps_total: 66297  time: 6.57  
Epi: 239  R: 3       outcome: SUCCESS      steps: 107   steps_total: 66404  time: 4.47  
Epi: 240  R: 4       outcome: SUCCESS      steps: 382   steps_total: 66786  time: 14.88 
Epi: 241  R: 1       outcome: COLL_WALL    steps: 94    steps_total: 66880  time: 3.97  
Epi: 242  R: 4       outcome: SUCCESS      steps: 141   steps_total: 67021  time: 5.98  
Epi: 243  R: -0      outcome: COLL_WALL    steps: 80    steps_total: 67101  time: 3.41  
Epi: 244  R: -2      outcome: COLL_WALL    steps: 30    steps_total: 67131  time: 1.22  
Epi: 245  R: -0      outcome: COLL_WALL    steps: 118   steps_total: 67249  time: 4.16  
Epi: 246  R: -3      outcome: COLL_WALL    steps: 430   steps_total: 67679  time: 18.42 
Epi: 247  R: -4      outcome: COLL_WALL    steps: 203   steps_total: 67882  time: 7.72  
Epi: 248  R: 3       outcome: SUCCESS      steps: 104   steps_total: 67986  time: 4.44  
Epi: 249  R: 4       outcome: SUCCESS      steps: 171   steps_total: 68157  time: 7.23  
Epi: 250  R: -1      outcome: COLL_WALL    steps: 72    steps_total: 68229  time: 2.88  
Epi: 251  R: -2      outcome: COLL_WALL    steps: 30    steps_total: 68259  time: 1.26  
Epi: 252  R: -2      outcome: COLL_WALL    steps: 235   steps_total: 68494  time: 9.69  
Epi: 253  R: -1      outcome: COLL_WALL    steps: 30    steps_total: 68524  time: 1.28  
Epi: 254  R: 0       outcome: COLL_WALL    steps: 190   steps_total: 68714  time: 8.19  
Epi: 255  R: 4       outcome: SUCCESS      steps: 105   steps_total: 68819  time: 3.65  
Epi: 256  R: 2       outcome: COLL_WALL    steps: 161   steps_total: 68980  time: 6.73  
Epi: 257  R: -1      outcome: COLL_WALL    steps: 96    steps_total: 69076  time: 4.07  
Epi: 258  R: 5       outcome: SUCCESS      steps: 143   steps_total: 69219  time: 6.06  
Epi: 259  R: 0       outcome: COLL_WALL    steps: 65    steps_total: 69284  time: 2.47  
Epi: 260  R: -1      outcome: COLL_WALL    steps: 455   steps_total: 69739  time: 18.57 
Epi: 261  R: 3       outcome: SUCCESS      steps: 84    steps_total: 69823  time: 3.25  
Epi: 262  R: -3      outcome: COLL_WALL    steps: 34    steps_total: 69857  time: 1.36  
Epi: 263  R: 3       outcome: SUCCESS      steps: 218   steps_total: 70075  time: 8.90  
Epi: 264  R: -2      outcome: COLL_WALL    steps: 30    steps_total: 70105  time: 1.25  
Epi: 265  R: 3       outcome: SUCCESS      steps: 155   steps_total: 70260  time: 6.38  
Epi: 266  R: -2      outcome: COLL_WALL    steps: 232   steps_total: 70492  time: 8.73  
Epi: 267  R: -1      outcome: COLL_WALL    steps: 114   steps_total: 70606  time: 4.78  
Epi: 268  R: 5       outcome: SUCCESS      steps: 186   steps_total: 70792  time: 7.89  
Epi: 269  R: 3       outcome: COLL_WALL    steps: 267   steps_total: 71059  time: 10.09 
Epi: 270  R: -2      outcome: COLL_WALL    steps: 313   steps_total: 71372  time: 13.25 
Epi: 271  R: -2      outcome: COLL_WALL    steps: 61    steps_total: 71433  time: 2.51  
Epi: 272  R: -6      outcome: COLL_WALL    steps: 330   steps_total: 71763  time: 13.37 
Epi: 273  R: -5      outcome: COLL_WALL    steps: 196   steps_total: 71959  time: 8.41  
Epi: 274  R: 1       outcome: COLL_WALL    steps: 290   steps_total: 72249  time: 11.54 
Epi: 275  R: 3       outcome: SUCCESS      steps: 100   steps_total: 72349  time: 4.26  
Epi: 276  R: 1       outcome: COLL_WALL    steps: 211   steps_total: 72560  time: 8.74  
Epi: 277  R: 3       outcome: SUCCESS      steps: 96    steps_total: 72656  time: 3.54  
Epi: 278  R: 0       outcome: COLL_WALL    steps: 251   steps_total: 72907  time: 11.03 
Epi: 279  R: -2      outcome: COLL_WALL    steps: 30    steps_total: 72937  time: 1.28  
Epi: 280  R: -2      outcome: COLL_WALL    steps: 34    steps_total: 72971  time: 1.45  
Epi: 281  R: -1      outcome: COLL_WALL    steps: 30    steps_total: 73001  time: 1.31  
Epi: 282  R: -4      outcome: COLL_WALL    steps: 337   steps_total: 73338  time: 13.31 
Epi: 283  R: -1      outcome: COLL_WALL    steps: 103   steps_total: 73441  time: 4.42  
Epi: 284  R: -1      outcome: COLL_WALL    steps: 108   steps_total: 73549  time: 4.65  
Epi: 285  R: 3       outcome: SUCCESS      steps: 163   steps_total: 73712  time: 5.90  
Epi: 286  R: -1      outcome: COLL_WALL    steps: 30    steps_total: 73742  time: 1.29  
Epi: 287  R: 4       outcome: SUCCESS      steps: 196   steps_total: 73938  time: 8.27  
Epi: 288  R: -1      outcome: COLL_WALL    steps: 41    steps_total: 73979  time: 1.80  
Epi: 289  R: -1      outcome: COLL_WALL    steps: 110   steps_total: 74089  time: 4.72  
Epi: 290  R: 1       outcome: COLL_WALL    steps: 223   steps_total: 74312  time: 8.76  
Epi: 291  R: -9      outcome: COLL_WALL    steps: 391   steps_total: 74703  time: 16.78 
Epi: 292  R: -2      outcome: COLL_WALL    steps: 147   steps_total: 74850  time: 5.35  
Epi: 293  R: 3       outcome: SUCCESS      steps: 142   steps_total: 74992  time: 6.09  
Epi: 294  R: 5       outcome: SUCCESS      steps: 131   steps_total: 75123  time: 5.65  
Epi: 295  R: 4       outcome: SUCCESS      steps: 187   steps_total: 75310  time: 7.44  
Epi: 296  R: -2      outcome: COLL_WALL    steps: 148   steps_total: 75458  time: 5.74  
Epi: 297  R: -3      outcome: COLL_WALL    steps: 268   steps_total: 75726  time: 11.53 
Epi: 298  R: -2      outcome: COLL_WALL    steps: 34    steps_total: 75760  time: 1.46  
Epi: 299  R: -1      outcome: COLL_WALL    steps: 55    steps_total: 75815  time: 2.22  
Epi: 300  R: 1       outcome: COLL_WALL    steps: 198   steps_total: 76013  time: 7.72  
saving data for episode: 300, location: /home/kaushik/project/deep-rl-robot-navigation/src/turtlebot3_drl/model/fond-filly/ddpg_17_stage_9
saving actor model for episode: 300
saving target_actor model for episode: 300
saving critic model for episode: 300
saving target_critic model for episode: 300
[val] ep 300: 35.0% over 20 det. eps  |  best: 50.0% @ ep 200
Epi: 301  R: 3       outcome: SUCCESS      steps: 78    steps_total: 76091  time: 2.92  
Epi: 302  R: 1       outcome: COLL_WALL    steps: 318   steps_total: 76409  time: 12.76 
Epi: 303  R: 3       outcome: SUCCESS      steps: 107   steps_total: 76516  time: 4.49  
Epi: 304  R: 5       outcome: SUCCESS      steps: 174   steps_total: 76690  time: 6.87  
Epi: 305  R: 6       outcome: SUCCESS      steps: 218   steps_total: 76908  time: 9.17  
Epi: 306  R: 6       outcome: SUCCESS      steps: 166   steps_total: 77074  time: 7.06  
Epi: 307  R: -2      outcome: COLL_WALL    steps: 64    steps_total: 77138  time: 2.42  
Epi: 308  R: 3       outcome: SUCCESS      steps: 204   steps_total: 77342  time: 7.68  
Epi: 309  R: -1      outcome: COLL_WALL    steps: 37    steps_total: 77379  time: 1.58  
Epi: 310  R: -2      outcome: COLL_WALL    steps: 140   steps_total: 77519  time: 5.94  
Epi: 311  R: 4       outcome: SUCCESS      steps: 144   steps_total: 77663  time: 6.01  
Epi: 312  R: -2      outcome: COLL_WALL    steps: 59    steps_total: 77722  time: 2.17  
Epi: 313  R: 1       outcome: COLL_WALL    steps: 120   steps_total: 77842  time: 4.43  
Epi: 314  R: -8      outcome: COLL_WALL    steps: 483   steps_total: 78325  time: 19.64 
Epi: 315  R: -2      outcome: COLL_WALL    steps: 77    steps_total: 78402  time: 2.85  
Epi: 316  R: -4      outcome: COLL_WALL    steps: 191   steps_total: 78593  time: 7.44  
Epi: 317  R: 0       outcome: COLL_WALL    steps: 182   steps_total: 78775  time: 7.20  
Epi: 318  R: 4       outcome: SUCCESS      steps: 238   steps_total: 79013  time: 8.92  
Epi: 319  R: 0       outcome: COLL_WALL    steps: 156   steps_total: 79169  time: 6.58  
Epi: 320  R: -0      outcome: COLL_WALL    steps: 282   steps_total: 79451  time: 11.16 
Epi: 321  R: 4       outcome: SUCCESS      steps: 139   steps_total: 79590  time: 5.16  
Epi: 322  R: -3      outcome: COLL_WALL    steps: 43    steps_total: 79633  time: 1.80  
Epi: 323  R: 4       outcome: SUCCESS      steps: 107   steps_total: 79740  time: 4.52  
Epi: 324  R: 1       outcome: COLL_WALL    steps: 251   steps_total: 79991  time: 10.33 
Epi: 325  R: -2      outcome: COLL_WALL    steps: 88    steps_total: 80079  time: 3.05  
Epi: 326  R: 1       outcome: COLL_WALL    steps: 92    steps_total: 80171  time: 3.88  
Epi: 327  R: -2      outcome: COLL_WALL    steps: 50    steps_total: 80221  time: 2.08  
Epi: 328  R: 5       outcome: SUCCESS      steps: 185   steps_total: 80406  time: 7.74  
Epi: 329  R: 5       outcome: SUCCESS      steps: 136   steps_total: 80542  time: 5.27  
Epi: 330  R: -1      outcome: COLL_WALL    steps: 37    steps_total: 80579  time: 1.13  
Epi: 331  R: -0      outcome: COLL_WALL    steps: 98    steps_total: 80677  time: 4.21  
Epi: 332  R: 4       outcome: SUCCESS      steps: 119   steps_total: 80796  time: 5.08  
Epi: 333  R: -3      outcome: COLL_WALL    steps: 61    steps_total: 80857  time: 2.59  
Epi: 334  R: 2       outcome: SUCCESS      steps: 62    steps_total: 80919  time: 2.63  
Epi: 335  R: 1       outcome: COLL_WALL    steps: 131   steps_total: 81050  time: 5.21  
Epi: 336  R: 4       outcome: SUCCESS      steps: 165   steps_total: 81215  time: 6.32  
Epi: 337  R: -2      outcome: COLL_WALL    steps: 32    steps_total: 81247  time: 1.37  
Epi: 338  R: 5       outcome: SUCCESS      steps: 182   steps_total: 81429  time: 7.77  
Epi: 339  R: 0       outcome: COLL_WALL    steps: 90    steps_total: 81519  time: 3.81  
Epi: 340  R: -5      outcome: COLL_WALL    steps: 244   steps_total: 81763  time: 8.88  
Epi: 341  R: -2      outcome: COLL_WALL    steps: 37    steps_total: 81800  time: 1.58  
Epi: 342  R: -0      outcome: COLL_WALL    steps: 153   steps_total: 81953  time: 6.53  
Epi: 343  R: -6      outcome: COLL_WALL    steps: 518   steps_total: 82471  time: 21.00 
Epi: 344  R: 3       outcome: COLL_WALL    steps: 174   steps_total: 82645  time: 7.21  
Epi: 345  R: -1      outcome: COLL_WALL    steps: 31    steps_total: 82676  time: 1.30  
Epi: 346  R: 5       outcome: SUCCESS      steps: 176   steps_total: 82852  time: 7.53  
Epi: 347  R: 5       outcome: SUCCESS      steps: 138   steps_total: 82990  time: 6.00  
Epi: 348  R: 1       outcome: COLL_WALL    steps: 306   steps_total: 83296  time: 12.08 
Epi: 349  R: 0       outcome: COLL_WALL    steps: 92    steps_total: 83388  time: 3.89  
Epi: 350  R: -2      outcome: COLL_WALL    steps: 30    steps_total: 83418  time: 1.27  
Epi: 351  R: 0       outcome: COLL_WALL    steps: 146   steps_total: 83564  time: 6.12  
Epi: 352  R: 4       outcome: SUCCESS      steps: 191   steps_total: 83755  time: 7.83  
Epi: 353  R: -3      outcome: COLL_WALL    steps: 439   steps_total: 84194  time: 18.54 
Epi: 354  R: 4       outcome: SUCCESS      steps: 166   steps_total: 84360  time: 5.79  
Epi: 355  R: 4       outcome: SUCCESS      steps: 193   steps_total: 84553  time: 8.00  
Epi: 356  R: -1      outcome: COLL_WALL    steps: 200   steps_total: 84753  time: 8.36  
Epi: 357  R: 2       outcome: SUCCESS      steps: 75    steps_total: 84828  time: 3.05  
Epi: 358  R: 5       outcome: SUCCESS      steps: 187   steps_total: 85015  time: 6.80  
Epi: 359  R: 5       outcome: SUCCESS      steps: 190   steps_total: 85205  time: 7.85  
Epi: 360  R: -3      outcome: COLL_WALL    steps: 114   steps_total: 85319  time: 4.78  
Epi: 361  R: -1      outcome: COLL_WALL    steps: 73    steps_total: 85392  time: 2.89  
Epi: 362  R: -3      outcome: COLL_WALL    steps: 52    steps_total: 85444  time: 1.96  
Epi: 363  R: 0       outcome: COLL_WALL    steps: 170   steps_total: 85614  time: 7.12  
Epi: 364  R: 3       outcome: SUCCESS      steps: 78    steps_total: 85692  time: 3.29  
Epi: 365  R: 6       outcome: SUCCESS      steps: 157   steps_total: 85849  time: 6.63  
Epi: 366  R: -1      outcome: COLL_WALL    steps: 68    steps_total: 85917  time: 2.57  
Epi: 367  R: -1      outcome: COLL_WALL    steps: 318   steps_total: 86235  time: 12.34 
Epi: 368  R: 2       outcome: SUCCESS      steps: 81    steps_total: 86316  time: 3.44  
Epi: 369  R: -2      outcome: COLL_WALL    steps: 30    steps_total: 86346  time: 1.27  
Epi: 370  R: -1      outcome: COLL_WALL    steps: 34    steps_total: 86380  time: 1.43  
Epi: 371  R: -0      outcome: COLL_WALL    steps: 336   steps_total: 86716  time: 13.09 
Epi: 372  R: 4       outcome: SUCCESS      steps: 129   steps_total: 86845  time: 5.46  
Epi: 373  R: -1      outcome: COLL_WALL    steps: 90    steps_total: 86935  time: 3.81  
Epi: 374  R: 0       outcome: COLL_WALL    steps: 494   steps_total: 87429  time: 19.70 
Epi: 375  R: 2       outcome: SUCCESS      steps: 126   steps_total: 87555  time: 5.19  
Epi: 376  R: -2      outcome: COLL_WALL    steps: 49    steps_total: 87604  time: 1.80  
Epi: 377  R: -1      outcome: COLL_WALL    steps: 233   steps_total: 87837  time: 8.97  
Epi: 378  R: -1      outcome: COLL_WALL    steps: 159   steps_total: 87996  time: 6.71  
Epi: 379  R: -3      outcome: COLL_WALL    steps: 363   steps_total: 88359  time: 13.67 
Epi: 380  R: 4       outcome: SUCCESS      steps: 178   steps_total: 88537  time: 7.39  
Epi: 381  R: 0       outcome: COLL_WALL    steps: 531   steps_total: 89068  time: 20.92 
Epi: 382  R: -3      outcome: COLL_WALL    steps: 541   steps_total: 89609  time: 21.54 
Epi: 383  R: -2      outcome: COLL_WALL    steps: 31    steps_total: 89640  time: 1.32  
Epi: 384  R: -2      outcome: COLL_WALL    steps: 152   steps_total: 89792  time: 6.38  
Epi: 385  R: 4       outcome: SUCCESS      steps: 99    steps_total: 89891  time: 4.05  
Epi: 386  R: -1      outcome: COLL_WALL    steps: 38    steps_total: 89929  time: 1.35  
Epi: 387  R: -0      outcome: COLL_WALL    steps: 171   steps_total: 90100  time: 6.43  
Epi: 388  R: 3       outcome: SUCCESS      steps: 77    steps_total: 90177  time: 3.26  
Epi: 389  R: 1       outcome: COLL_WALL    steps: 156   steps_total: 90333  time: 6.70  
Epi: 390  R: -3      outcome: COLL_WALL    steps: 306   steps_total: 90639  time: 9.87  
Epi: 391  R: -1      outcome: COLL_WALL    steps: 143   steps_total: 90782  time: 6.18  
Epi: 392  R: 5       outcome: SUCCESS      steps: 249   steps_total: 91031  time: 10.77 
Epi: 393  R: -2      outcome: COLL_WALL    steps: 37    steps_total: 91068  time: 1.44  
Epi: 394  R: 2       outcome: SUCCESS      steps: 136   steps_total: 91204  time: 5.07  
Epi: 395  R: -2      outcome: COLL_WALL    steps: 31    steps_total: 91235  time: 1.33  
Epi: 396  R: -1      outcome: COLL_WALL    steps: 108   steps_total: 91343  time: 4.66  
Epi: 397  R: -1      outcome: COLL_WALL    steps: 152   steps_total: 91495  time: 6.59  
Epi: 398  R: 4       outcome: SUCCESS      steps: 315   steps_total: 91810  time: 12.51 
Epi: 399  R: 5       outcome: SUCCESS      steps: 213   steps_total: 92023  time: 9.23  
Epi: 400  R: -1      outcome: COLL_WALL    steps: 232   steps_total: 92255  time: 9.14  
saving data for episode: 400, location: /home/kaushik/project/deep-rl-robot-navigation/src/turtlebot3_drl/model/fond-filly/ddpg_17_stage_9
saving actor model for episode: 400
saving target_actor model for episode: 400
saving critic model for episode: 400
saving target_critic model for episode: 400
[val] ep 400: 35.0% over 20 det. eps  |  best: 50.0% @ ep 200
Epi: 401  R: 4       outcome: SUCCESS      steps: 241   steps_total: 92496  time: 8.88  
Epi: 402  R: -2      outcome: COLL_WALL    steps: 30    steps_total: 92526  time: 1.24  
Epi: 403  R: -1      outcome: COLL_WALL    steps: 35    steps_total: 92561  time: 1.48  
Epi: 404  R: -3      outcome: COLL_WALL    steps: 459   steps_total: 93020  time: 17.79 
Epi: 405  R: -8      outcome: COLL_WALL    steps: 502   steps_total: 93522  time: 20.08 
Epi: 406  R: -0      outcome: COLL_WALL    steps: 96    steps_total: 93618  time: 4.06  
Epi: 407  R: -1      outcome: COLL_WALL    steps: 154   steps_total: 93772  time: 6.46  
Epi: 408  R: -1      outcome: COLL_WALL    steps: 186   steps_total: 93958  time: 7.70  
Epi: 409  R: -3      outcome: COLL_WALL    steps: 321   steps_total: 94279  time: 12.51 
Epi: 410  R: -3      outcome: COLL_WALL    steps: 241   steps_total: 94520  time: 10.09 
Epi: 411  R: -2      outcome: COLL_WALL    steps: 39    steps_total: 94559  time: 1.42  
Epi: 412  R: -1      outcome: COLL_WALL    steps: 218   steps_total: 94777  time: 8.64  
Epi: 413  R: 1       outcome: SUCCESS      steps: 215   steps_total: 94992  time: 9.18  
Epi: 414  R: 3       outcome: SUCCESS      steps: 189   steps_total: 95181  time: 6.40  
Epi: 415  R: 5       outcome: SUCCESS      steps: 256   steps_total: 95437  time: 10.79 
Epi: 416  R: -1      outcome: COLL_WALL    steps: 68    steps_total: 95505  time: 2.86  
Epi: 417  R: 4       outcome: SUCCESS      steps: 558   steps_total: 96063  time: 21.93 
Epi: 418  R: -0      outcome: COLL_WALL    steps: 120   steps_total: 96183  time: 5.04  
Epi: 419  R: 3       outcome: SUCCESS      steps: 127   steps_total: 96310  time: 4.29  
Epi: 420  R: -3      outcome: COLL_WALL    steps: 36    steps_total: 96346  time: 1.54  
Epi: 421  R: -4      outcome: COLL_WALL    steps: 55    steps_total: 96401  time: 2.37  
Epi: 422  R: -3      outcome: COLL_WALL    steps: 57    steps_total: 96458  time: 2.45  
Epi: 423  R: -3      outcome: COLL_WALL    steps: 165   steps_total: 96623  time: 7.09  
Epi: 424  R: 0       outcome: COLL_WALL    steps: 141   steps_total: 96764  time: 5.63  
Epi: 425  R: 3       outcome: SUCCESS      steps: 114   steps_total: 96878  time: 4.15  
Epi: 426  R: -5      outcome: COLL_WALL    steps: 294   steps_total: 97172  time: 12.94 
Epi: 427  R: -3      outcome: COLL_WALL    steps: 110   steps_total: 97282  time: 4.35  
Epi: 428  R: -2      outcome: TIMEOUT      steps: 559   steps_total: 97841  time: 23.24 
Epi: 429  R: 3       outcome: SUCCESS      steps: 120   steps_total: 97961  time: 3.86  
Epi: 430  R: -1      outcome: COLL_WALL    steps: 36    steps_total: 97997  time: 1.54  
Epi: 431  R: 0       outcome: COLL_WALL    steps: 101   steps_total: 98098  time: 4.30  
Epi: 432  R: 3       outcome: SUCCESS      steps: 117   steps_total: 98215  time: 4.97  
Epi: 433  R: 2       outcome: COLL_WALL    steps: 164   steps_total: 98379  time: 6.39  
Epi: 434  R: 2       outcome: SUCCESS      steps: 67    steps_total: 98446  time: 1.96  
Epi: 435  R: -3      outcome: COLL_WALL    steps: 151   steps_total: 98597  time: 6.37  
Epi: 436  R: 2       outcome: SUCCESS      steps: 68    steps_total: 98665  time: 2.91  
Epi: 437  R: 5       outcome: SUCCESS      steps: 230   steps_total: 98895  time: 9.55  
Epi: 438  R: -1      outcome: COLL_WALL    steps: 102   steps_total: 98997  time: 3.18  
Epi: 439  R: 4       outcome: SUCCESS      steps: 207   steps_total: 99204  time: 8.77  
Epi: 440  R: 1       outcome: COLL_WALL    steps: 131   steps_total: 99335  time: 5.53  
Epi: 441  R: 5       outcome: SUCCESS      steps: 209   steps_total: 99544  time: 7.64  
Epi: 442  R: 5       outcome: SUCCESS      steps: 216   steps_total: 99760  time: 8.95  
Epi: 443  R: 5       outcome: SUCCESS      steps: 170   steps_total: 99930  time: 7.19  
Epi: 444  R: -1      outcome: COLL_WALL    steps: 76    steps_total: 100006 time: 3.01  
Epi: 445  R: -1      outcome: COLL_WALL    steps: 42    steps_total: 100048 time: 1.40  
Epi: 446  R: 1       outcome: COLL_WALL    steps: 236   steps_total: 100284 time: 8.90  
Epi: 447  R: -2      outcome: COLL_WALL    steps: 30    steps_total: 100314 time: 1.29  
Epi: 448  R: 3       outcome: SUCCESS      steps: 271   steps_total: 100585 time: 11.37 
Epi: 449  R: 0       outcome: COLL_WALL    steps: 129   steps_total: 100714 time: 4.44  
Epi: 450  R: -1      outcome: COLL_WALL    steps: 141   steps_total: 100855 time: 6.08  
Epi: 451  R: -0      outcome: COLL_WALL    steps: 45    steps_total: 100900 time: 1.95  
Epi: 452  R: 4       outcome: SUCCESS      steps: 258   steps_total: 101158 time: 10.52 
Epi: 453  R: 6       outcome: SUCCESS      steps: 242   steps_total: 101400 time: 9.42  
Epi: 454  R: 4       outcome: SUCCESS      steps: 172   steps_total: 101572 time: 7.40  
Epi: 455  R: -2      outcome: COLL_WALL    steps: 40    steps_total: 101612 time: 1.70  
Epi: 456  R: 4       outcome: SUCCESS      steps: 145   steps_total: 101757 time: 5.46  
Epi: 457  R: -1      outcome: COLL_WALL    steps: 117   steps_total: 101874 time: 4.73  
Epi: 458  R: -1      outcome: COLL_WALL    steps: 52    steps_total: 101926 time: 2.23  
Epi: 459  R: 5       outcome: SUCCESS      steps: 233   steps_total: 102159 time: 10.03 
Epi: 460  R: 2       outcome: COLL_WALL    steps: 198   steps_total: 102357 time: 6.94  
Epi: 461  R: -0      outcome: COLL_WALL    steps: 111   steps_total: 102468 time: 4.71  
Epi: 462  R: 0       outcome: COLL_WALL    steps: 172   steps_total: 102640 time: 7.33  
Epi: 463  R: -1      outcome: COLL_WALL    steps: 121   steps_total: 102761 time: 5.03  
Epi: 464  R: -6      outcome: COLL_WALL    steps: 472   steps_total: 103233 time: 18.79 
Epi: 465  R: 0       outcome: COLL_WALL    steps: 268   steps_total: 103501 time: 9.78  
Epi: 466  R: -12     outcome: COLL_WALL    steps: 424   steps_total: 103925 time: 17.75 
Epi: 467  R: 3       outcome: SUCCESS      steps: 223   steps_total: 104148 time: 8.02  
Epi: 468  R: -1      outcome: COLL_WALL    steps: 44    steps_total: 104192 time: 1.95  
Epi: 469  R: 1       outcome: COLL_WALL    steps: 248   steps_total: 104440 time: 10.86 
Epi: 470  R: -8      outcome: COLL_WALL    steps: 477   steps_total: 104917 time: 19.55 
Epi: 471  R: -5      outcome: COLL_WALL    steps: 44    steps_total: 104961 time: 1.94  
Epi: 472  R: -2      outcome: COLL_WALL    steps: 32    steps_total: 104993 time: 1.41  
Epi: 473  R: -1      outcome: COLL_WALL    steps: 41    steps_total: 105034 time: 1.77  
Epi: 474  R: 1       outcome: COLL_WALL    steps: 182   steps_total: 105216 time: 7.39  
Epi: 475  R: -2      outcome: COLL_WALL    steps: 74    steps_total: 105290 time: 3.36  
Epi: 476  R: -4      outcome: COLL_WALL    steps: 271   steps_total: 105561 time: 11.89 
Epi: 477  R: 3       outcome: SUCCESS      steps: 128   steps_total: 105689 time: 4.58  
Epi: 478  R: 5       outcome: SUCCESS      steps: 344   steps_total: 106033 time: 14.67 
Epi: 479  R: 0       outcome: COLL_WALL    steps: 110   steps_total: 106143 time: 4.33  
Epi: 480  R: -3      outcome: COLL_WALL    steps: 152   steps_total: 106295 time: 5.36  
Epi: 481  R: -2      outcome: COLL_WALL    steps: 30    steps_total: 106325 time: 1.26  
Epi: 482  R: 0       outcome: COLL_WALL    steps: 231   steps_total: 106556 time: 9.78  
Epi: 483  R: 4       outcome: SUCCESS      steps: 255   steps_total: 106811 time: 9.45  
Epi: 484  R: 5       outcome: SUCCESS      steps: 121   steps_total: 106932 time: 5.17  
Epi: 485  R: 1       outcome: COLL_WALL    steps: 109   steps_total: 107041 time: 4.66  
Epi: 486  R: -5      outcome: COLL_WALL    steps: 424   steps_total: 107465 time: 16.90 
Epi: 487  R: 6       outcome: SUCCESS      steps: 196   steps_total: 107661 time: 8.32  
Epi: 488  R: 3       outcome: SUCCESS      steps: 177   steps_total: 107838 time: 7.19  
Epi: 489  R: 5       outcome: SUCCESS      steps: 307   steps_total: 108145 time: 12.20 
Epi: 490  R: 6       outcome: SUCCESS      steps: 127   steps_total: 108272 time: 5.41  
Epi: 491  R: -1      outcome: COLL_WALL    steps: 37    steps_total: 108309 time: 1.59  
Epi: 492  R: -2      outcome: COLL_WALL    steps: 40    steps_total: 108349 time: 1.40  
Epi: 493  R: -1      outcome: COLL_WALL    steps: 125   steps_total: 108474 time: 4.28  
Epi: 494  R: -2      outcome: COLL_WALL    steps: 214   steps_total: 108688 time: 8.92  
Epi: 495  R: -1      outcome: COLL_WALL    steps: 268   steps_total: 108956 time: 10.94 
Epi: 496  R: 3       outcome: SUCCESS      steps: 183   steps_total: 109139 time: 6.95  
Epi: 497  R: -0      outcome: COLL_WALL    steps: 114   steps_total: 109253 time: 4.82  
Epi: 498  R: -1      outcome: COLL_WALL    steps: 30    steps_total: 109283 time: 1.27  
Epi: 499  R: 4       outcome: SUCCESS      steps: 188   steps_total: 109471 time: 7.80  
Epi: 500  R: -1      outcome: COLL_WALL    steps: 66    steps_total: 109537 time: 2.25  
saving data for episode: 500, location: /home/kaushik/project/deep-rl-robot-navigation/src/turtlebot3_drl/model/fond-filly/ddpg_17_stage_9
saving actor model for episode: 500
saving target_actor model for episode: 500
saving critic model for episode: 500
saving target_critic model for episode: 500
