gpu torch available:  True
device name:  NVIDIA H100 NVL
training on stage: 9
making new model dir: /home/kaushik/project/deep-rl-robot-navigation/src/turtlebot3_drl/model/fond-filly/ddpg_18_stage_9
[warmstart] loaded best weights from /home/kaushik/project/deep-rl-robot-navigation/src/turtlebot3_drl/model/fond-filly/ddpg_13_stage_9; fresh buffer; observe skipped
Epi: 1    R: 0       outcome: SUCCESS      steps: 30    steps_total: 25030  time: 0.65  
saving data for episode: 1, location: /home/kaushik/project/deep-rl-robot-navigation/src/turtlebot3_drl/model/fond-filly/ddpg_18_stage_9
saving actor model for episode: 1
saving target_actor model for episode: 1
saving critic model for episode: 1
saving target_critic model for episode: 1
Epi: 2    R: -1      outcome: COLL_WALL    steps: 126   steps_total: 25156  time: 3.14  
Epi: 3    R: -18     outcome: TIMEOUT      steps: 854   steps_total: 26010  time: 37.56 
Epi: 4    R: -1      outcome: COLL_WALL    steps: 565   steps_total: 26575  time: 24.36 
Epi: 5    R: -1      outcome: COLL_WALL    steps: 47    steps_total: 26622  time: 2.04  
Epi: 6    R: -1      outcome: COLL_WALL    steps: 435   steps_total: 27057  time: 17.80 
Epi: 7    R: -2      outcome: COLL_WALL    steps: 314   steps_total: 27371  time: 12.34 
Epi: 8    R: -1      outcome: COLL_WALL    steps: 307   steps_total: 27678  time: 13.27 
Epi: 9    R: -1      outcome: COLL_WALL    steps: 38    steps_total: 27716  time: 1.65  
Epi: 10   R: 0       outcome: TIMEOUT      steps: 631   steps_total: 28347  time: 26.01 
Epi: 11   R: 1       outcome: TIMEOUT      steps: 547   steps_total: 28894  time: 22.52 
Epi: 12   R: -1      outcome: COLL_WALL    steps: 30    steps_total: 28924  time: 1.30  
Epi: 13   R: -0      outcome: COLL_WALL    steps: 632   steps_total: 29556  time: 25.78 
Epi: 14   R: 1       outcome: TIMEOUT      steps: 553   steps_total: 30109  time: 22.23 
Epi: 15   R: -1      outcome: COLL_WALL    steps: 188   steps_total: 30297  time: 6.68  
Epi: 16   R: -2      outcome: COLL_WALL    steps: 208   steps_total: 30505  time: 8.81  
Epi: 17   R: -1      outcome: COLL_WALL    steps: 75    steps_total: 30580  time: 3.18  
Epi: 18   R: 0       outcome: TIMEOUT      steps: 661   steps_total: 31241  time: 27.30 
Epi: 19   R: -1      outcome: COLL_WALL    steps: 645   steps_total: 31886  time: 26.52 
Epi: 20   R: -1      outcome: COLL_WALL    steps: 49    steps_total: 31935  time: 1.57  
Epi: 21   R: 0       outcome: TIMEOUT      steps: 772   steps_total: 32707  time: 31.23 
Epi: 22   R: -1      outcome: COLL_WALL    steps: 44    steps_total: 32751  time: 1.80  
Epi: 23   R: 0       outcome: TIMEOUT      steps: 760   steps_total: 33511  time: 29.51 
Epi: 24   R: -1      outcome: COLL_WALL    steps: 48    steps_total: 33559  time: 1.96  
Epi: 25   R: -1      outcome: TIMEOUT      steps: 689   steps_total: 34248  time: 27.51 
Epi: 26   R: -1      outcome: COLL_WALL    steps: 508   steps_total: 34756  time: 20.78 
Epi: 27   R: -1      outcome: COLL_WALL    steps: 266   steps_total: 35022  time: 9.91  
Epi: 28   R: -1      outcome: COLL_WALL    steps: 415   steps_total: 35437  time: 17.04 
Epi: 29   R: 0       outcome: TIMEOUT      steps: 569   steps_total: 36006  time: 22.75 
Epi: 30   R: -1      outcome: COLL_WALL    steps: 169   steps_total: 36175  time: 6.24  
Epi: 31   R: -1      outcome: COLL_WALL    steps: 58    steps_total: 36233  time: 2.45  
Epi: 32   R: -1      outcome: COLL_WALL    steps: 351   steps_total: 36584  time: 13.75 
Epi: 33   R: 1       outcome: TIMEOUT      steps: 539   steps_total: 37123  time: 21.35 
Epi: 34   R: -1      outcome: COLL_WALL    steps: 195   steps_total: 37318  time: 6.94  
Epi: 35   R: -1      outcome: COLL_WALL    steps: 30    steps_total: 37348  time: 1.25  
Epi: 36   R: -2      outcome: COLL_WALL    steps: 325   steps_total: 37673  time: 13.71 
Epi: 37   R: -1      outcome: COLL_WALL    steps: 33    steps_total: 37706  time: 1.35  
Epi: 38   R: -1      outcome: COLL_WALL    steps: 44    steps_total: 37750  time: 1.77  
Epi: 39   R: 1       outcome: TIMEOUT      steps: 660   steps_total: 38410  time: 26.20 
Epi: 40   R: -1      outcome: COLL_WALL    steps: 145   steps_total: 38555  time: 6.14  
Epi: 41   R: -0      outcome: TIMEOUT      steps: 537   steps_total: 39092  time: 19.97 
Epi: 42   R: -1      outcome: COLL_WALL    steps: 78    steps_total: 39170  time: 3.19  
Epi: 43   R: -1      outcome: COLL_WALL    steps: 48    steps_total: 39218  time: 2.04  
Epi: 44   R: -1      outcome: COLL_WALL    steps: 454   steps_total: 39672  time: 17.54 
Epi: 45   R: -0      outcome: TIMEOUT      steps: 542   steps_total: 40214  time: 20.54 
Epi: 46   R: -2      outcome: COLL_WALL    steps: 409   steps_total: 40623  time: 16.65 
Epi: 47   R: -1      outcome: COLL_WALL    steps: 131   steps_total: 40754  time: 4.84  
Epi: 48   R: -1      outcome: COLL_WALL    steps: 30    steps_total: 40784  time: 0.55  
Epi: 49   R: -1      outcome: COLL_WALL    steps: 421   steps_total: 41205  time: 17.17 
Epi: 50   R: 0       outcome: TIMEOUT      steps: 789   steps_total: 41994  time: 28.94 
Epi: 51   R: -1      outcome: COLL_WALL    steps: 141   steps_total: 42135  time: 4.79  
Epi: 52   R: -1      outcome: COLL_WALL    steps: 30    steps_total: 42165  time: 1.22  
Epi: 53   R: -1      outcome: COLL_WALL    steps: 52    steps_total: 42217  time: 2.15  
Epi: 54   R: -1      outcome: COLL_WALL    steps: 54    steps_total: 42271  time: 2.21  
Epi: 55   R: -1      outcome: COLL_WALL    steps: 292   steps_total: 42563  time: 11.62 
Epi: 56   R: -0      outcome: TIMEOUT      steps: 629   steps_total: 43192  time: 24.81 
Epi: 57   R: -2      outcome: COLL_WALL    steps: 223   steps_total: 43415  time: 8.87  
Epi: 58   R: -1      outcome: COLL_WALL    steps: 30    steps_total: 43445  time: 1.26  
Epi: 59   R: -2      outcome: COLL_WALL    steps: 531   steps_total: 43976  time: 20.47 
Epi: 60   R: -1      outcome: COLL_WALL    steps: 63    steps_total: 44039  time: 2.67  
Epi: 61   R: -1      outcome: TIMEOUT      steps: 715   steps_total: 44754  time: 27.86 
Epi: 62   R: -1      outcome: COLL_WALL    steps: 90    steps_total: 44844  time: 3.63  
Epi: 63   R: -1      outcome: COLL_WALL    steps: 69    steps_total: 44913  time: 2.59  
Epi: 64   R: -1      outcome: COLL_WALL    steps: 428   steps_total: 45341  time: 16.32 
Epi: 65   R: -1      outcome: COLL_WALL    steps: 30    steps_total: 45371  time: 1.18  
Epi: 66   R: -2      outcome: COLL_WALL    steps: 389   steps_total: 45760  time: 14.82 
Epi: 67   R: -1      outcome: COLL_WALL    steps: 39    steps_total: 45799  time: 1.66  
Epi: 68   R: -1      outcome: COLL_WALL    steps: 417   steps_total: 46216  time: 13.91 
Epi: 69   R: -1      outcome: COLL_WALL    steps: 46    steps_total: 46262  time: 1.40  
Epi: 70   R: -2      outcome: COLL_WALL    steps: 497   steps_total: 46759  time: 21.56 
Epi: 71   R: -1      outcome: TIMEOUT      steps: 627   steps_total: 47386  time: 25.31 
Epi: 72   R: -2      outcome: COLL_WALL    steps: 62    steps_total: 47448  time: 2.65  
Epi: 73   R: -1      outcome: COLL_WALL    steps: 47    steps_total: 47495  time: 2.01  
Epi: 74   R: -1      outcome: COLL_WALL    steps: 30    steps_total: 47525  time: 1.29  
Epi: 75   R: -2      outcome: TIMEOUT      steps: 662   steps_total: 48187  time: 27.21 
Epi: 76   R: -0      outcome: TIMEOUT      steps: 617   steps_total: 48804  time: 25.33 
Epi: 77   R: -1      outcome: COLL_WALL    steps: 39    steps_total: 48843  time: 1.68  
Epi: 78   R: -1      outcome: COLL_WALL    steps: 74    steps_total: 48917  time: 3.20  
Epi: 79   R: -1      outcome: COLL_WALL    steps: 184   steps_total: 49101  time: 6.88  
Epi: 80   R: -1      outcome: COLL_WALL    steps: 55    steps_total: 49156  time: 2.36  
Epi: 81   R: -1      outcome: COLL_WALL    steps: 140   steps_total: 49296  time: 6.05  
Epi: 82   R: -0      outcome: TIMEOUT      steps: 554   steps_total: 49850  time: 22.59 
Epi: 83   R: -1      outcome: COLL_WALL    steps: 129   steps_total: 49979  time: 5.56  
Epi: 84   R: -1      outcome: COLL_WALL    steps: 30    steps_total: 50009  time: 1.28  
Epi: 85   R: -1      outcome: COLL_WALL    steps: 446   steps_total: 50455  time: 18.05 
Epi: 86   R: -1      outcome: COLL_WALL    steps: 38    steps_total: 50493  time: 1.62  
Epi: 87   R: -1      outcome: COLL_WALL    steps: 60    steps_total: 50553  time: 2.19  
