gpu torch available:  True
device name:  NVIDIA H100 NVL
training on stage: 9
making new model dir: /home/kaushik/project/deep-rl-robot-navigation/src/turtlebot3_drl/model/fond-filly/ddpg_13_stage_9
Observe phase: 36/25000 steps
Observe phase: 790/25000 steps
Observe phase: 964/25000 steps
Observe phase: 1046/25000 steps
Observe phase: 1946/25000 steps
Observe phase: 2120/25000 steps
Observe phase: 2156/25000 steps
Observe phase: 2227/25000 steps
Observe phase: 2380/25000 steps
Observe phase: 2683/25000 steps
Observe phase: 2918/25000 steps
Observe phase: 3073/25000 steps
Observe phase: 3759/25000 steps
Observe phase: 3960/25000 steps
Observe phase: 4048/25000 steps
Observe phase: 4078/25000 steps
Observe phase: 4141/25000 steps
Observe phase: 4198/25000 steps
Observe phase: 4438/25000 steps
Observe phase: 4574/25000 steps
Observe phase: 4883/25000 steps
Observe phase: 5039/25000 steps
Observe phase: 5575/25000 steps
Observe phase: 5668/25000 steps
Observe phase: 5750/25000 steps
Observe phase: 6062/25000 steps
Observe phase: 6470/25000 steps
Observe phase: 7009/25000 steps
Observe phase: 7200/25000 steps
Observe phase: 8013/25000 steps
Observe phase: 8043/25000 steps
Observe phase: 8073/25000 steps
Observe phase: 8166/25000 steps
Observe phase: 8893/25000 steps
Observe phase: 8938/25000 steps
Observe phase: 8980/25000 steps
Observe phase: 9258/25000 steps
Observe phase: 9635/25000 steps
Observe phase: 10018/25000 steps
Observe phase: 10070/25000 steps
Observe phase: 10142/25000 steps
Observe phase: 10304/25000 steps
Observe phase: 10914/25000 steps
Observe phase: 11112/25000 steps
Observe phase: 11407/25000 steps
Observe phase: 11800/25000 steps
Observe phase: 11942/25000 steps
Observe phase: 11972/25000 steps
Observe phase: 12009/25000 steps
Observe phase: 12062/25000 steps
Observe phase: 12261/25000 steps
Observe phase: 12765/25000 steps
Observe phase: 12797/25000 steps
Observe phase: 12978/25000 steps
Observe phase: 13138/25000 steps
Observe phase: 13271/25000 steps
Observe phase: 13616/25000 steps
Observe phase: 13895/25000 steps
Observe phase: 13952/25000 steps
Observe phase: 14164/25000 steps
Observe phase: 14654/25000 steps
Observe phase: 14976/25000 steps
Observe phase: 15040/25000 steps
Observe phase: 15233/25000 steps
Observe phase: 15378/25000 steps
Observe phase: 15696/25000 steps
Observe phase: 15958/25000 steps
Observe phase: 16275/25000 steps
Observe phase: 16394/25000 steps
Observe phase: 16523/25000 steps
Observe phase: 16882/25000 steps
Observe phase: 17130/25000 steps
Observe phase: 17430/25000 steps
Observe phase: 17612/25000 steps
Observe phase: 17703/25000 steps
Observe phase: 17762/25000 steps
Observe phase: 18112/25000 steps
Observe phase: 18542/25000 steps
Observe phase: 18610/25000 steps
Observe phase: 19437/25000 steps
Observe phase: 19601/25000 steps
Observe phase: 19666/25000 steps
Observe phase: 20016/25000 steps
Observe phase: 20242/25000 steps
Observe phase: 20791/25000 steps
Observe phase: 20960/25000 steps
Observe phase: 21236/25000 steps
Observe phase: 21295/25000 steps
Observe phase: 21355/25000 steps
Observe phase: 21623/25000 steps
Observe phase: 21801/25000 steps
Observe phase: 21836/25000 steps
Observe phase: 21866/25000 steps
Observe phase: 21896/25000 steps
Observe phase: 22713/25000 steps
Observe phase: 23044/25000 steps
Observe phase: 23169/25000 steps
Observe phase: 23370/25000 steps
Observe phase: 23498/25000 steps
Observe phase: 23747/25000 steps
Observe phase: 24072/25000 steps
Observe phase: 24702/25000 steps
Epi: 1    R: -3      outcome: COLL_WALL    steps: 443   steps_total: 25145  time: 9.43  
saving data for episode: 1, location: /home/kaushik/project/deep-rl-robot-navigation/src/turtlebot3_drl/model/fond-filly/ddpg_13_stage_9
saving actor model for episode: 1
saving target_actor model for episode: 1
saving critic model for episode: 1
saving target_critic model for episode: 1
Epi: 2    R: -1      outcome: COLL_WALL    steps: 125   steps_total: 25270  time: 2.71  
Epi: 3    R: -0      outcome: TIMEOUT      steps: 864   steps_total: 26134  time: 18.76 
Epi: 4    R: -1      outcome: COLL_WALL    steps: 79    steps_total: 26213  time: 1.68  
Epi: 5    R: -1      outcome: COLL_WALL    steps: 63    steps_total: 26276  time: 1.31  
Epi: 6    R: -1      outcome: COLL_WALL    steps: 36    steps_total: 26312  time: 0.74  
Epi: 7    R: -0      outcome: TIMEOUT      steps: 841   steps_total: 27153  time: 18.47 
Epi: 8    R: -0      outcome: TIMEOUT      steps: 787   steps_total: 27940  time: 17.34 
Epi: 9    R: -1      outcome: COLL_WALL    steps: 66    steps_total: 28006  time: 1.42  
Epi: 10   R: -1      outcome: COLL_WALL    steps: 356   steps_total: 28362  time: 7.69  
Epi: 11   R: -1      outcome: COLL_WALL    steps: 90    steps_total: 28452  time: 1.85  
Epi: 12   R: -1      outcome: COLL_WALL    steps: 199   steps_total: 28651  time: 4.35  
Epi: 13   R: -0      outcome: TIMEOUT      steps: 853   steps_total: 29504  time: 18.22 
Epi: 14   R: -1      outcome: COLL_WALL    steps: 206   steps_total: 29710  time: 4.51  
Epi: 15   R: -1      outcome: COLL_WALL    steps: 34    steps_total: 29744  time: 0.75  
Epi: 16   R: -1      outcome: COLL_WALL    steps: 667   steps_total: 30411  time: 13.95 
Epi: 17   R: -1      outcome: COLL_WALL    steps: 65    steps_total: 30476  time: 1.44  
Epi: 18   R: -1      outcome: COLL_WALL    steps: 86    steps_total: 30562  time: 1.75  
Epi: 19   R: 0       outcome: TIMEOUT      steps: 806   steps_total: 31368  time: 17.10 
Epi: 20   R: -1      outcome: COLL_WALL    steps: 35    steps_total: 31403  time: 0.76  
Epi: 21   R: -1      outcome: COLL_WALL    steps: 703   steps_total: 32106  time: 15.36 
Epi: 22   R: -1      outcome: COLL_WALL    steps: 605   steps_total: 32711  time: 12.97 
Epi: 23   R: -1      outcome: COLL_WALL    steps: 52    steps_total: 32763  time: 1.13  
Epi: 24   R: -1      outcome: COLL_WALL    steps: 287   steps_total: 33050  time: 6.29  
Epi: 25   R: -1      outcome: COLL_WALL    steps: 767   steps_total: 33817  time: 16.63 
Epi: 26   R: -0      outcome: TIMEOUT      steps: 790   steps_total: 34607  time: 17.23 
Epi: 27   R: -1      outcome: COLL_WALL    steps: 198   steps_total: 34805  time: 4.15  
Epi: 28   R: -1      outcome: COLL_WALL    steps: 30    steps_total: 34835  time: 0.64  
Epi: 29   R: -1      outcome: COLL_WALL    steps: 51    steps_total: 34886  time: 1.00  
Epi: 30   R: -1      outcome: COLL_WALL    steps: 585   steps_total: 35471  time: 12.20 
Epi: 31   R: -0      outcome: TIMEOUT      steps: 840   steps_total: 36311  time: 17.94 
Epi: 32   R: -1      outcome: COLL_WALL    steps: 185   steps_total: 36496  time: 3.93  
Epi: 33   R: -1      outcome: COLL_WALL    steps: 624   steps_total: 37120  time: 12.34 
Epi: 34   R: -1      outcome: COLL_WALL    steps: 58    steps_total: 37178  time: 1.27  
Epi: 35   R: -1      outcome: COLL_WALL    steps: 31    steps_total: 37209  time: 0.67  
Epi: 36   R: 0       outcome: TIMEOUT      steps: 809   steps_total: 38018  time: 17.62 
Epi: 37   R: -1      outcome: COLL_WALL    steps: 216   steps_total: 38234  time: 4.56  
Epi: 38   R: -1      outcome: COLL_WALL    steps: 40    steps_total: 38274  time: 0.84  
Epi: 39   R: -1      outcome: COLL_WALL    steps: 654   steps_total: 38928  time: 13.87 
Epi: 40   R: -1      outcome: COLL_WALL    steps: 267   steps_total: 39195  time: 5.55  
Epi: 41   R: -1      outcome: COLL_WALL    steps: 69    steps_total: 39264  time: 1.43  
Epi: 42   R: -1      outcome: COLL_WALL    steps: 680   steps_total: 39944  time: 14.25 
Epi: 43   R: -1      outcome: COLL_WALL    steps: 32    steps_total: 39976  time: 0.73  
Epi: 44   R: -1      outcome: COLL_WALL    steps: 679   steps_total: 40655  time: 15.01 
Epi: 45   R: -1      outcome: COLL_WALL    steps: 821   steps_total: 41476  time: 17.73 
Epi: 46   R: -1      outcome: COLL_WALL    steps: 99    steps_total: 41575  time: 2.17  
Epi: 47   R: -1      outcome: COLL_WALL    steps: 156   steps_total: 41731  time: 3.55  
Epi: 48   R: -1      outcome: COLL_WALL    steps: 771   steps_total: 42502  time: 16.72 
Epi: 49   R: 0       outcome: TIMEOUT      steps: 804   steps_total: 43306  time: 17.57 
Epi: 50   R: -1      outcome: COLL_WALL    steps: 188   steps_total: 43494  time: 4.00  
Epi: 51   R: -1      outcome: COLL_WALL    steps: 30    steps_total: 43524  time: 0.64  
Epi: 52   R: -1      outcome: COLL_WALL    steps: 51    steps_total: 43575  time: 1.09  
Epi: 53   R: -1      outcome: COLL_WALL    steps: 77    steps_total: 43652  time: 1.56  
Epi: 54   R: -1      outcome: COLL_WALL    steps: 387   steps_total: 44039  time: 8.30  
Epi: 55   R: 0       outcome: TIMEOUT      steps: 831   steps_total: 44870  time: 18.22 
Epi: 56   R: -1      outcome: COLL_WALL    steps: 213   steps_total: 45083  time: 4.57  
Epi: 57   R: -1      outcome: COLL_WALL    steps: 31    steps_total: 45114  time: 0.67  
Epi: 58   R: -1      outcome: COLL_WALL    steps: 572   steps_total: 45686  time: 12.56 
Epi: 59   R: -1      outcome: COLL_WALL    steps: 30    steps_total: 45716  time: 0.65  
Epi: 60   R: -0      outcome: TIMEOUT      steps: 869   steps_total: 46585  time: 18.34 
Epi: 61   R: -1      outcome: COLL_WALL    steps: 185   steps_total: 46770  time: 4.07  
Epi: 62   R: -1      outcome: COLL_WALL    steps: 30    steps_total: 46800  time: 0.67  
Epi: 63   R: -1      outcome: COLL_WALL    steps: 668   steps_total: 47468  time: 14.49 
Epi: 64   R: -1      outcome: COLL_WALL    steps: 419   steps_total: 47887  time: 8.96  
Epi: 65   R: -1      outcome: COLL_WALL    steps: 54    steps_total: 47941  time: 1.16  
Epi: 66   R: -1      outcome: COLL_WALL    steps: 472   steps_total: 48413  time: 9.87  
Epi: 67   R: 0       outcome: TIMEOUT      steps: 801   steps_total: 49214  time: 17.42 
Epi: 68   R: 2       outcome: TIMEOUT      steps: 807   steps_total: 50021  time: 16.91 
Epi: 69   R: -1      outcome: COLL_WALL    steps: 102   steps_total: 50123  time: 2.17  
Epi: 70   R: -1      outcome: COLL_WALL    steps: 36    steps_total: 50159  time: 0.75  
Epi: 71   R: -1      outcome: COLL_WALL    steps: 650   steps_total: 50809  time: 13.48 
Epi: 72   R: 0       outcome: TIMEOUT      steps: 902   steps_total: 51711  time: 18.74 
Epi: 73   R: -1      outcome: COLL_WALL    steps: 203   steps_total: 51914  time: 4.35  
Epi: 74   R: -1      outcome: COLL_WALL    steps: 329   steps_total: 52243  time: 6.78  
Epi: 75   R: -1      outcome: COLL_WALL    steps: 57    steps_total: 52300  time: 1.13  
Epi: 76   R: -1      outcome: COLL_WALL    steps: 214   steps_total: 52514  time: 4.04  
Epi: 77   R: 0       outcome: TIMEOUT      steps: 874   steps_total: 53388  time: 18.65 
Epi: 78   R: -1      outcome: COLL_WALL    steps: 194   steps_total: 53582  time: 6.62  
Epi: 79   R: -1      outcome: COLL_WALL    steps: 30    steps_total: 53612  time: 1.32  
Epi: 80   R: -1      outcome: COLL_WALL    steps: 713   steps_total: 54325  time: 16.40 
Epi: 81   R: -1      outcome: COLL_WALL    steps: 81    steps_total: 54406  time: 1.85  
Epi: 82   R: -1      outcome: COLL_WALL    steps: 66    steps_total: 54472  time: 1.45  
Epi: 83   R: 1       outcome: TIMEOUT      steps: 818   steps_total: 55290  time: 17.81 
Epi: 84   R: -1      outcome: COLL_WALL    steps: 49    steps_total: 55339  time: 1.00  
Epi: 85   R: 0       outcome: COLL_WALL    steps: 167   steps_total: 55506  time: 3.43  
Epi: 86   R: 1       outcome: COLL_WALL    steps: 456   steps_total: 55962  time: 9.78  
Epi: 87   R: 0       outcome: COLL_WALL    steps: 333   steps_total: 56295  time: 7.24  
Epi: 88   R: 0       outcome: COLL_WALL    steps: 497   steps_total: 56792  time: 10.68 
Epi: 89   R: -1      outcome: COLL_WALL    steps: 60    steps_total: 56852  time: 1.29  
Epi: 90   R: -1      outcome: COLL_WALL    steps: 35    steps_total: 56887  time: 0.75  
Epi: 91   R: -0      outcome: COLL_WALL    steps: 365   steps_total: 57252  time: 8.11  
Epi: 92   R: -0      outcome: COLL_WALL    steps: 263   steps_total: 57515  time: 5.69  
Epi: 93   R: 1       outcome: COLL_WALL    steps: 584   steps_total: 58099  time: 12.53 
Epi: 94   R: 0       outcome: COLL_WALL    steps: 280   steps_total: 58379  time: 5.84  
Epi: 95   R: 3       outcome: TIMEOUT      steps: 898   steps_total: 59277  time: 18.75 
Epi: 96   R: 1       outcome: COLL_WALL    steps: 561   steps_total: 59838  time: 11.66 
Epi: 97   R: 1       outcome: COLL_WALL    steps: 397   steps_total: 60235  time: 8.61  
Epi: 98   R: 1       outcome: COLL_WALL    steps: 376   steps_total: 60611  time: 7.92  
Epi: 99   R: 4       outcome: SUCCESS      steps: 486   steps_total: 61097  time: 10.32 
Epi: 100  R: 4       outcome: SUCCESS      steps: 225   steps_total: 61322  time: 4.95  
saving data for episode: 100, location: /home/kaushik/project/deep-rl-robot-navigation/src/turtlebot3_drl/model/fond-filly/ddpg_13_stage_9
saving actor model for episode: 100
saving target_actor model for episode: 100
saving critic model for episode: 100
saving target_critic model for episode: 100
[val] ep 100: 25.0% over 20 det. eps  |  best: -100.0% @ ep 0
[val] NEW BEST CHECKPOINT — ep 100, success 25.0%
Epi: 101  R: 0       outcome: COLL_WALL    steps: 297   steps_total: 61619  time: 6.31  
Epi: 102  R: 2       outcome: TIMEOUT      steps: 843   steps_total: 62462  time: 18.09 
Epi: 103  R: 0       outcome: COLL_WALL    steps: 107   steps_total: 62569  time: 2.28  
Epi: 104  R: 3       outcome: COLL_WALL    steps: 598   steps_total: 63167  time: 12.66 
Epi: 105  R: 1       outcome: COLL_WALL    steps: 113   steps_total: 63280  time: 2.46  
Epi: 106  R: -1      outcome: COLL_WALL    steps: 255   steps_total: 63535  time: 5.68  
Epi: 107  R: -0      outcome: COLL_WALL    steps: 231   steps_total: 63766  time: 4.96  
Epi: 108  R: 3       outcome: SUCCESS      steps: 194   steps_total: 63960  time: 4.09  
Epi: 109  R: 1       outcome: COLL_WALL    steps: 144   steps_total: 64104  time: 2.97  
Epi: 110  R: 1       outcome: COLL_WALL    steps: 300   steps_total: 64404  time: 6.38  
Epi: 111  R: 2       outcome: SUCCESS      steps: 65    steps_total: 64469  time: 1.40  
Epi: 112  R: 5       outcome: SUCCESS      steps: 250   steps_total: 64719  time: 5.24  
Epi: 113  R: 5       outcome: SUCCESS      steps: 336   steps_total: 65055  time: 7.02  
Epi: 114  R: -0      outcome: COLL_WALL    steps: 53    steps_total: 65108  time: 1.05  
Epi: 115  R: -0      outcome: COLL_WALL    steps: 214   steps_total: 65322  time: 4.48  
Epi: 116  R: 1       outcome: COLL_WALL    steps: 120   steps_total: 65442  time: 2.44  
Epi: 117  R: 0       outcome: COLL_WALL    steps: 90    steps_total: 65532  time: 1.84  
Epi: 118  R: -0      outcome: COLL_WALL    steps: 142   steps_total: 65674  time: 2.79  
Epi: 119  R: -1      outcome: COLL_WALL    steps: 30    steps_total: 65704  time: 0.61  
Epi: 120  R: -1      outcome: COLL_WALL    steps: 30    steps_total: 65734  time: 0.62  
Epi: 121  R: 5       outcome: SUCCESS      steps: 252   steps_total: 65986  time: 5.42  
Epi: 122  R: -0      outcome: COLL_WALL    steps: 83    steps_total: 66069  time: 1.77  
Epi: 123  R: 2       outcome: SUCCESS      steps: 45    steps_total: 66114  time: 0.90  
Epi: 124  R: 5       outcome: SUCCESS      steps: 192   steps_total: 66306  time: 3.71  
Epi: 125  R: 1       outcome: COLL_WALL    steps: 186   steps_total: 66492  time: 3.75  
Epi: 126  R: 1       outcome: COLL_WALL    steps: 255   steps_total: 66747  time: 5.33  
Epi: 127  R: -2      outcome: COLL_WALL    steps: 76    steps_total: 66823  time: 1.62  
Epi: 128  R: -1      outcome: COLL_WALL    steps: 51    steps_total: 66874  time: 1.04  
Epi: 129  R: 1       outcome: COLL_WALL    steps: 207   steps_total: 67081  time: 4.24  
Epi: 130  R: -1      outcome: COLL_WALL    steps: 68    steps_total: 67149  time: 1.34  
Epi: 131  R: 4       outcome: SUCCESS      steps: 177   steps_total: 67326  time: 3.91  
Epi: 132  R: -0      outcome: COLL_WALL    steps: 32    steps_total: 67358  time: 0.72  
Epi: 133  R: -1      outcome: COLL_WALL    steps: 192   steps_total: 67550  time: 4.02  
Epi: 134  R: 1       outcome: COLL_WALL    steps: 383   steps_total: 67933  time: 8.29  
Epi: 135  R: 3       outcome: SUCCESS      steps: 89    steps_total: 68022  time: 1.95  
Epi: 136  R: -0      outcome: COLL_WALL    steps: 30    steps_total: 68052  time: 0.65  
Epi: 137  R: 0       outcome: COLL_WALL    steps: 381   steps_total: 68433  time: 7.54  
Epi: 138  R: 3       outcome: COLL_WALL    steps: 276   steps_total: 68709  time: 6.13  
Epi: 139  R: 2       outcome: SUCCESS      steps: 103   steps_total: 68812  time: 2.36  
Epi: 140  R: -0      outcome: COLL_WALL    steps: 48    steps_total: 68860  time: 1.09  
Epi: 141  R: -0      outcome: COLL_WALL    steps: 39    steps_total: 68899  time: 0.85  
Epi: 142  R: -1      outcome: COLL_WALL    steps: 30    steps_total: 68929  time: 0.67  
Epi: 143  R: -1      outcome: COLL_WALL    steps: 30    steps_total: 68959  time: 0.67  
Epi: 144  R: 5       outcome: SUCCESS      steps: 347   steps_total: 69306  time: 7.42  
Epi: 145  R: 0       outcome: COLL_WALL    steps: 73    steps_total: 69379  time: 1.67  
Epi: 146  R: 0       outcome: COLL_WALL    steps: 158   steps_total: 69537  time: 3.42  
Epi: 147  R: 3       outcome: COLL_WALL    steps: 161   steps_total: 69698  time: 3.41  
Epi: 148  R: 1       outcome: COLL_WALL    steps: 196   steps_total: 69894  time: 4.08  
Epi: 149  R: 2       outcome: SUCCESS      steps: 71    steps_total: 69965  time: 1.58  
Epi: 150  R: 5       outcome: SUCCESS      steps: 229   steps_total: 70194  time: 4.89  
Epi: 151  R: 1       outcome: COLL_WALL    steps: 147   steps_total: 70341  time: 3.21  
Epi: 152  R: -1      outcome: COLL_WALL    steps: 221   steps_total: 70562  time: 4.76  
Epi: 153  R: -0      outcome: COLL_WALL    steps: 72    steps_total: 70634  time: 1.61  
Epi: 154  R: 1       outcome: COLL_WALL    steps: 241   steps_total: 70875  time: 5.38  
Epi: 155  R: -1      outcome: COLL_WALL    steps: 73    steps_total: 70948  time: 1.61  
Epi: 156  R: 2       outcome: COLL_WALL    steps: 217   steps_total: 71165  time: 4.86  
Epi: 157  R: 1       outcome: COLL_WALL    steps: 104   steps_total: 71269  time: 2.33  
Epi: 158  R: 1       outcome: COLL_WALL    steps: 141   steps_total: 71410  time: 2.98  
Epi: 159  R: 2       outcome: SUCCESS      steps: 146   steps_total: 71556  time: 3.02  
Epi: 160  R: -0      outcome: COLL_WALL    steps: 57    steps_total: 71613  time: 1.20  
Epi: 161  R: -0      outcome: COLL_WALL    steps: 75    steps_total: 71688  time: 1.56  
Epi: 162  R: 2       outcome: COLL_WALL    steps: 139   steps_total: 71827  time: 3.11  
Epi: 163  R: 2       outcome: SUCCESS      steps: 159   steps_total: 71986  time: 3.55  
Epi: 164  R: 0       outcome: COLL_WALL    steps: 111   steps_total: 72097  time: 2.37  
Epi: 165  R: -0      outcome: COLL_WALL    steps: 48    steps_total: 72145  time: 1.01  
Epi: 166  R: -1      outcome: COLL_WALL    steps: 30    steps_total: 72175  time: 0.65  
Epi: 167  R: 0       outcome: COLL_WALL    steps: 216   steps_total: 72391  time: 4.63  
Epi: 168  R: 1       outcome: COLL_WALL    steps: 340   steps_total: 72731  time: 7.28  
Epi: 169  R: -1      outcome: COLL_WALL    steps: 72    steps_total: 72803  time: 1.60  
Epi: 170  R: -1      outcome: COLL_WALL    steps: 37    steps_total: 72840  time: 0.74  
Epi: 171  R: 2       outcome: COLL_WALL    steps: 207   steps_total: 73047  time: 4.34  
Epi: 172  R: 1       outcome: COLL_WALL    steps: 166   steps_total: 73213  time: 3.41  
Epi: 173  R: 3       outcome: COLL_WALL    steps: 267   steps_total: 73480  time: 5.67  
Epi: 174  R: 4       outcome: SUCCESS      steps: 232   steps_total: 73712  time: 5.12  
Epi: 175  R: 1       outcome: COLL_WALL    steps: 173   steps_total: 73885  time: 3.84  
Epi: 176  R: -1      outcome: COLL_WALL    steps: 30    steps_total: 73915  time: 0.65  
Epi: 177  R: -0      outcome: COLL_WALL    steps: 171   steps_total: 74086  time: 3.74  
Epi: 178  R: -1      outcome: COLL_WALL    steps: 119   steps_total: 74205  time: 2.65  
Epi: 179  R: 5       outcome: SUCCESS      steps: 253   steps_total: 74458  time: 5.42  
Epi: 180  R: -0      outcome: COLL_WALL    steps: 45    steps_total: 74503  time: 0.94  
Epi: 181  R: 1       outcome: SUCCESS      steps: 30    steps_total: 74533  time: 0.64  
Epi: 182  R: 0       outcome: COLL_WALL    steps: 105   steps_total: 74638  time: 2.19  
Epi: 183  R: 1       outcome: TUMBLE       steps: 50    steps_total: 74688  time: 1.05  
Epi: 184  R: -2      outcome: COLL_WALL    steps: 54    steps_total: 74742  time: 1.16  
Epi: 185  R: 1       outcome: COLL_WALL    steps: 195   steps_total: 74937  time: 4.51  
Epi: 186  R: 1       outcome: COLL_WALL    steps: 172   steps_total: 75109  time: 3.88  
Epi: 187  R: 1       outcome: COLL_WALL    steps: 253   steps_total: 75362  time: 5.56  
Epi: 188  R: -0      outcome: COLL_WALL    steps: 81    steps_total: 75443  time: 1.75  
Epi: 189  R: -1      outcome: COLL_WALL    steps: 44    steps_total: 75487  time: 0.93  
Epi: 190  R: 2       outcome: COLL_WALL    steps: 306   steps_total: 75793  time: 6.69  
Epi: 191  R: 1       outcome: SUCCESS      steps: 145   steps_total: 75938  time: 3.01  
Epi: 192  R: 4       outcome: SUCCESS      steps: 210   steps_total: 76148  time: 4.34  
Epi: 193  R: -1      outcome: COLL_WALL    steps: 30    steps_total: 76178  time: 0.64  
Epi: 194  R: 2       outcome: SUCCESS      steps: 80    steps_total: 76258  time: 1.66  
Epi: 195  R: 1       outcome: COLL_WALL    steps: 176   steps_total: 76434  time: 3.80  
Epi: 196  R: 1       outcome: SUCCESS      steps: 37    steps_total: 76471  time: 0.75  
Epi: 197  R: 0       outcome: COLL_WALL    steps: 83    steps_total: 76554  time: 1.84  
Epi: 198  R: 2       outcome: COLL_WALL    steps: 201   steps_total: 76755  time: 4.49  
Epi: 199  R: 2       outcome: SUCCESS      steps: 329   steps_total: 77084  time: 7.14  
Epi: 200  R: -0      outcome: COLL_WALL    steps: 35    steps_total: 77119  time: 0.79  
saving data for episode: 200, location: /home/kaushik/project/deep-rl-robot-navigation/src/turtlebot3_drl/model/fond-filly/ddpg_13_stage_9
saving actor model for episode: 200
saving target_actor model for episode: 200
saving critic model for episode: 200
saving target_critic model for episode: 200
[val] ep 200: 25.0% over 20 det. eps  |  best: 25.0% @ ep 100
Epi: 201  R: 1       outcome: COLL_WALL    steps: 194   steps_total: 77313  time: 4.09  
Epi: 202  R: -0      outcome: COLL_WALL    steps: 206   steps_total: 77519  time: 4.28  
Epi: 203  R: -1      outcome: COLL_WALL    steps: 32    steps_total: 77551  time: 0.68  
Epi: 204  R: -1      outcome: COLL_WALL    steps: 67    steps_total: 77618  time: 1.40  
Epi: 205  R: -1      outcome: COLL_WALL    steps: 155   steps_total: 77773  time: 3.22  
Epi: 206  R: 2       outcome: COLL_WALL    steps: 195   steps_total: 77968  time: 3.96  
Epi: 207  R: 4       outcome: SUCCESS      steps: 173   steps_total: 78141  time: 3.72  
Epi: 208  R: -0      outcome: COLL_WALL    steps: 73    steps_total: 78214  time: 1.49  
Epi: 209  R: -1      outcome: COLL_WALL    steps: 54    steps_total: 78268  time: 1.14  
Epi: 210  R: -1      outcome: COLL_WALL    steps: 135   steps_total: 78403  time: 2.90  
Epi: 211  R: 1       outcome: COLL_WALL    steps: 168   steps_total: 78571  time: 3.76  
Epi: 212  R: -0      outcome: COLL_WALL    steps: 61    steps_total: 78632  time: 1.35  
Epi: 213  R: 2       outcome: TIMEOUT      steps: 700   steps_total: 79332  time: 14.96 
Epi: 214  R: -1      outcome: COLL_WALL    steps: 130   steps_total: 79462  time: 2.64  
Epi: 215  R: -1      outcome: COLL_WALL    steps: 65    steps_total: 79527  time: 1.42  
Epi: 216  R: 4       outcome: SUCCESS      steps: 378   steps_total: 79905  time: 8.02  
Epi: 217  R: 1       outcome: COLL_WALL    steps: 115   steps_total: 80020  time: 2.55  
Epi: 218  R: 2       outcome: SUCCESS      steps: 91    steps_total: 80111  time: 2.07  
Epi: 219  R: 4       outcome: SUCCESS      steps: 222   steps_total: 80333  time: 4.91  
Epi: 220  R: -1      outcome: COLL_WALL    steps: 30    steps_total: 80363  time: 0.63  
Epi: 221  R: -1      outcome: COLL_WALL    steps: 109   steps_total: 80472  time: 2.32  
Epi: 222  R: -1      outcome: COLL_WALL    steps: 30    steps_total: 80502  time: 0.61  
Epi: 223  R: 1       outcome: COLL_WALL    steps: 100   steps_total: 80602  time: 2.13  
Epi: 224  R: 1       outcome: COLL_WALL    steps: 155   steps_total: 80757  time: 3.47  
Epi: 225  R: -1      outcome: COLL_WALL    steps: 106   steps_total: 80863  time: 2.24  
Epi: 226  R: -0      outcome: COLL_WALL    steps: 143   steps_total: 81006  time: 3.11  
Epi: 227  R: -0      outcome: COLL_WALL    steps: 169   steps_total: 81175  time: 3.62  
Epi: 228  R: -2      outcome: COLL_WALL    steps: 216   steps_total: 81391  time: 4.46  
Epi: 229  R: 0       outcome: COLL_WALL    steps: 122   steps_total: 81513  time: 2.63  
Epi: 230  R: 1       outcome: COLL_WALL    steps: 193   steps_total: 81706  time: 4.14  
Epi: 231  R: 2       outcome: SUCCESS      steps: 63    steps_total: 81769  time: 1.37  
Epi: 232  R: 5       outcome: SUCCESS      steps: 211   steps_total: 81980  time: 4.37  
Epi: 233  R: 0       outcome: COLL_WALL    steps: 65    steps_total: 82045  time: 1.42  
Epi: 234  R: 3       outcome: SUCCESS      steps: 93    steps_total: 82138  time: 2.03  
Epi: 235  R: 2       outcome: COLL_WALL    steps: 153   steps_total: 82291  time: 3.27  
Epi: 236  R: 0       outcome: COLL_WALL    steps: 66    steps_total: 82357  time: 1.42  
Epi: 237  R: -0      outcome: COLL_WALL    steps: 119   steps_total: 82476  time: 2.63  
Epi: 238  R: -1      outcome: COLL_WALL    steps: 98    steps_total: 82574  time: 2.06  
Epi: 239  R: -1      outcome: COLL_WALL    steps: 30    steps_total: 82604  time: 0.60  
Epi: 240  R: -0      outcome: COLL_WALL    steps: 61    steps_total: 82665  time: 1.26  
Epi: 241  R: 0       outcome: TUMBLE       steps: 30    steps_total: 82695  time: 0.65  
Epi: 242  R: 0       outcome: COLL_WALL    steps: 86    steps_total: 82781  time: 1.88  
Epi: 243  R: 3       outcome: SUCCESS      steps: 165   steps_total: 82946  time: 3.40  
Epi: 244  R: 1       outcome: COLL_WALL    steps: 207   steps_total: 83153  time: 4.34  
Epi: 245  R: -1      outcome: COLL_WALL    steps: 134   steps_total: 83287  time: 2.72  
Epi: 246  R: -2      outcome: COLL_WALL    steps: 138   steps_total: 83425  time: 2.75  
Epi: 247  R: 3       outcome: COLL_WALL    steps: 191   steps_total: 83616  time: 4.14  
Epi: 248  R: 2       outcome: SUCCESS      steps: 173   steps_total: 83789  time: 3.83  
Epi: 249  R: 5       outcome: SUCCESS      steps: 191   steps_total: 83980  time: 4.21  
Epi: 250  R: 1       outcome: COLL_WALL    steps: 114   steps_total: 84094  time: 2.23  
Epi: 251  R: 5       outcome: SUCCESS      steps: 293   steps_total: 84387  time: 6.31  
Epi: 252  R: 4       outcome: SUCCESS      steps: 147   steps_total: 84534  time: 3.16  
Epi: 253  R: 5       outcome: SUCCESS      steps: 151   steps_total: 84685  time: 3.19  
Epi: 254  R: 1       outcome: COLL_WALL    steps: 118   steps_total: 84803  time: 2.43  
Epi: 255  R: 0       outcome: COLL_WALL    steps: 65    steps_total: 84868  time: 1.35  
Epi: 256  R: 1       outcome: COLL_WALL    steps: 283   steps_total: 85151  time: 6.08  
Epi: 257  R: 3       outcome: SUCCESS      steps: 186   steps_total: 85337  time: 4.01  
Epi: 258  R: -0      outcome: COLL_WALL    steps: 42    steps_total: 85379  time: 0.92  
Epi: 259  R: 3       outcome: SUCCESS      steps: 234   steps_total: 85613  time: 5.07  
Epi: 260  R: 5       outcome: SUCCESS      steps: 185   steps_total: 85798  time: 3.96  
Epi: 261  R: 3       outcome: COLL_WALL    steps: 248   steps_total: 86046  time: 5.30  
Epi: 262  R: 1       outcome: COLL_WALL    steps: 80    steps_total: 86126  time: 1.65  
Epi: 263  R: 4       outcome: SUCCESS      steps: 205   steps_total: 86331  time: 4.38  
Epi: 264  R: 5       outcome: SUCCESS      steps: 174   steps_total: 86505  time: 3.78  
Epi: 265  R: 0       outcome: COLL_WALL    steps: 61    steps_total: 86566  time: 1.35  
Epi: 266  R: 0       outcome: COLL_WALL    steps: 205   steps_total: 86771  time: 4.21  
Epi: 267  R: -1      outcome: COLL_WALL    steps: 454   steps_total: 87225  time: 9.54  
Epi: 268  R: 1       outcome: COLL_WALL    steps: 116   steps_total: 87341  time: 2.45  
Epi: 269  R: 3       outcome: SUCCESS      steps: 235   steps_total: 87576  time: 4.78  
Epi: 270  R: 5       outcome: SUCCESS      steps: 244   steps_total: 87820  time: 5.20  
Epi: 271  R: 5       outcome: SUCCESS      steps: 211   steps_total: 88031  time: 4.56  
Epi: 272  R: -0      outcome: COLL_WALL    steps: 30    steps_total: 88061  time: 0.65  
Epi: 273  R: 1       outcome: COLL_WALL    steps: 131   steps_total: 88192  time: 2.78  
Epi: 274  R: 3       outcome: SUCCESS      steps: 116   steps_total: 88308  time: 2.40  
Epi: 275  R: -1      outcome: COLL_WALL    steps: 48    steps_total: 88356  time: 0.99  
Epi: 276  R: -1      outcome: COLL_WALL    steps: 91    steps_total: 88447  time: 1.87  
Epi: 277  R: -2      outcome: COLL_WALL    steps: 43    steps_total: 88490  time: 0.93  
Epi: 278  R: 1       outcome: COLL_WALL    steps: 222   steps_total: 88712  time: 4.73  
Epi: 279  R: 1       outcome: COLL_WALL    steps: 242   steps_total: 88954  time: 5.13  
Epi: 280  R: -1      outcome: COLL_WALL    steps: 30    steps_total: 88984  time: 0.62  
Epi: 281  R: -3      outcome: COLL_WALL    steps: 213   steps_total: 89197  time: 4.44  
Epi: 282  R: 3       outcome: COLL_WALL    steps: 247   steps_total: 89444  time: 5.30  
Epi: 283  R: 1       outcome: SUCCESS      steps: 30    steps_total: 89474  time: 0.67  
Epi: 284  R: 1       outcome: COLL_WALL    steps: 95    steps_total: 89569  time: 2.12  
Epi: 285  R: -2      outcome: COLL_WALL    steps: 99    steps_total: 89668  time: 2.13  
Epi: 286  R: -1      outcome: COLL_WALL    steps: 50    steps_total: 89718  time: 1.03  
Epi: 287  R: -3      outcome: COLL_WALL    steps: 285   steps_total: 90003  time: 6.20  
Epi: 288  R: 4       outcome: SUCCESS      steps: 157   steps_total: 90160  time: 3.33  
Epi: 289  R: 5       outcome: SUCCESS      steps: 214   steps_total: 90374  time: 4.59  
Epi: 290  R: 5       outcome: SUCCESS      steps: 213   steps_total: 90587  time: 4.83  
Epi: 291  R: 1       outcome: COLL_WALL    steps: 99    steps_total: 90686  time: 2.25  
Epi: 292  R: -0      outcome: COLL_WALL    steps: 192   steps_total: 90878  time: 4.00  
Epi: 293  R: 0       outcome: COLL_WALL    steps: 44    steps_total: 90922  time: 0.92  
Epi: 294  R: 1       outcome: COLL_WALL    steps: 127   steps_total: 91049  time: 2.74  
Epi: 295  R: -1      outcome: COLL_WALL    steps: 46    steps_total: 91095  time: 0.95  
Epi: 296  R: 0       outcome: COLL_WALL    steps: 91    steps_total: 91186  time: 1.94  
Epi: 297  R: 4       outcome: SUCCESS      steps: 164   steps_total: 91350  time: 3.73  
Epi: 298  R: 4       outcome: SUCCESS      steps: 189   steps_total: 91539  time: 4.00  
Epi: 299  R: 1       outcome: COLL_WALL    steps: 120   steps_total: 91659  time: 2.63  
Epi: 300  R: 5       outcome: SUCCESS      steps: 478   steps_total: 92137  time: 10.14 
saving data for episode: 300, location: /home/kaushik/project/deep-rl-robot-navigation/src/turtlebot3_drl/model/fond-filly/ddpg_13_stage_9
saving actor model for episode: 300
saving target_actor model for episode: 300
saving critic model for episode: 300
saving target_critic model for episode: 300
[val] ep 300: 30.0% over 20 det. eps  |  best: 25.0% @ ep 100
[val] NEW BEST CHECKPOINT — ep 300, success 30.0%
Epi: 301  R: 3       outcome: SUCCESS      steps: 279   steps_total: 92416  time: 5.80  
Epi: 302  R: -0      outcome: COLL_WALL    steps: 69    steps_total: 92485  time: 1.42  
Epi: 303  R: -2      outcome: COLL_WALL    steps: 102   steps_total: 92587  time: 2.21  
Epi: 304  R: 2       outcome: COLL_WALL    steps: 337   steps_total: 92924  time: 7.30  
Epi: 305  R: -1      outcome: COLL_WALL    steps: 54    steps_total: 92978  time: 1.16  
Epi: 306  R: 0       outcome: COLL_WALL    steps: 213   steps_total: 93191  time: 4.65  
Epi: 307  R: 5       outcome: SUCCESS      steps: 415   steps_total: 93606  time: 8.66  
Epi: 308  R: 1       outcome: COLL_WALL    steps: 148   steps_total: 93754  time: 4.75  
Epi: 309  R: 3       outcome: SUCCESS      steps: 93    steps_total: 93847  time: 3.94  
Epi: 310  R: 2       outcome: TIMEOUT      steps: 765   steps_total: 94612  time: 17.60 
Epi: 311  R: 0       outcome: TIMEOUT      steps: 809   steps_total: 95421  time: 16.77 
Epi: 312  R: -1      outcome: COLL_WALL    steps: 72    steps_total: 95493  time: 1.60  
Epi: 313  R: -1      outcome: COLL_WALL    steps: 44    steps_total: 95537  time: 0.92  
Epi: 314  R: -1      outcome: COLL_WALL    steps: 101   steps_total: 95638  time: 2.15  
Epi: 315  R: -1      outcome: COLL_WALL    steps: 383   steps_total: 96021  time: 8.48  
Epi: 316  R: 1       outcome: TIMEOUT      steps: 771   steps_total: 96792  time: 16.34 
Epi: 317  R: -1      outcome: COLL_WALL    steps: 184   steps_total: 96976  time: 3.69  
Epi: 318  R: 1       outcome: TIMEOUT      steps: 703   steps_total: 97679  time: 15.31 
Epi: 319  R: 1       outcome: TIMEOUT      steps: 759   steps_total: 98438  time: 16.51 
Epi: 320  R: -1      outcome: COLL_WALL    steps: 92    steps_total: 98530  time: 1.96  
Epi: 321  R: 0       outcome: TIMEOUT      steps: 794   steps_total: 99324  time: 17.18 
Epi: 322  R: -1      outcome: COLL_WALL    steps: 339   steps_total: 99663  time: 7.22  
Epi: 323  R: -1      outcome: COLL_WALL    steps: 59    steps_total: 99722  time: 1.25  
Epi: 324  R: -1      outcome: COLL_WALL    steps: 478   steps_total: 100200 time: 9.98  
Epi: 325  R: -0      outcome: COLL_WALL    steps: 200   steps_total: 100400 time: 4.42  
Epi: 326  R: -2      outcome: COLL_WALL    steps: 122   steps_total: 100522 time: 2.44  
Epi: 327  R: -3      outcome: COLL_WALL    steps: 328   steps_total: 100850 time: 7.09  
Epi: 328  R: -2      outcome: COLL_WALL    steps: 30    steps_total: 100880 time: 0.65  
Epi: 329  R: 1       outcome: TUMBLE       steps: 30    steps_total: 100910 time: 0.68  
Epi: 330  R: 1       outcome: TUMBLE       steps: 68    steps_total: 100978 time: 1.55  
Epi: 331  R: -1      outcome: TUMBLE       steps: 43    steps_total: 101021 time: 0.98  
Epi: 332  R: -4      outcome: COLL_WALL    steps: 547   steps_total: 101568 time: 11.75 
Epi: 333  R: -1      outcome: COLL_WALL    steps: 54    steps_total: 101622 time: 1.14  
Epi: 334  R: -2      outcome: COLL_WALL    steps: 133   steps_total: 101755 time: 2.86  
Epi: 335  R: -2      outcome: COLL_WALL    steps: 237   steps_total: 101992 time: 4.98  
Epi: 336  R: -0      outcome: COLL_WALL    steps: 137   steps_total: 102129 time: 2.99  
Epi: 337  R: -1      outcome: COLL_WALL    steps: 127   steps_total: 102256 time: 2.82  
Epi: 338  R: -1      outcome: COLL_WALL    steps: 100   steps_total: 102356 time: 2.23  
Epi: 339  R: 2       outcome: COLL_WALL    steps: 174   steps_total: 102530 time: 3.81  
Epi: 340  R: 2       outcome: SUCCESS      steps: 63    steps_total: 102593 time: 1.32  
Epi: 341  R: 1       outcome: COLL_WALL    steps: 133   steps_total: 102726 time: 2.77  
Epi: 342  R: -1      outcome: COLL_WALL    steps: 67    steps_total: 102793 time: 1.42  
Epi: 343  R: -1      outcome: COLL_WALL    steps: 33    steps_total: 102826 time: 0.73  
Epi: 344  R: -0      outcome: COLL_WALL    steps: 92    steps_total: 102918 time: 1.90  
Epi: 345  R: -1      outcome: COLL_WALL    steps: 85    steps_total: 103003 time: 1.92  
Epi: 346  R: -1      outcome: COLL_WALL    steps: 35    steps_total: 103038 time: 0.81  
Epi: 347  R: -1      outcome: COLL_WALL    steps: 245   steps_total: 103283 time: 5.34  
Epi: 348  R: 3       outcome: SUCCESS      steps: 322   steps_total: 103605 time: 7.14  
Epi: 349  R: -1      outcome: COLL_WALL    steps: 34    steps_total: 103639 time: 0.79  
Epi: 350  R: 2       outcome: COLL_WALL    steps: 602   steps_total: 104241 time: 12.60 
Epi: 351  R: 2       outcome: COLL_WALL    steps: 243   steps_total: 104484 time: 4.99  
Epi: 352  R: 2       outcome: SUCCESS      steps: 121   steps_total: 104605 time: 2.75  
Epi: 353  R: -0      outcome: COLL_WALL    steps: 73    steps_total: 104678 time: 1.59  
Epi: 354  R: -1      outcome: COLL_WALL    steps: 30    steps_total: 104708 time: 0.67  
Epi: 355  R: -1      outcome: COLL_WALL    steps: 30    steps_total: 104738 time: 0.64  
Epi: 356  R: 1       outcome: COLL_WALL    steps: 242   steps_total: 104980 time: 5.38  
Epi: 357  R: 0       outcome: COLL_WALL    steps: 210   steps_total: 105190 time: 4.67  
Epi: 358  R: 0       outcome: COLL_WALL    steps: 231   steps_total: 105421 time: 5.16  
Epi: 359  R: 1       outcome: COLL_WALL    steps: 321   steps_total: 105742 time: 7.34  
Epi: 360  R: 3       outcome: COLL_WALL    steps: 275   steps_total: 106017 time: 6.12  
Epi: 361  R: 1       outcome: SUCCESS      steps: 30    steps_total: 106047 time: 0.68  
Epi: 362  R: 3       outcome: COLL_WALL    steps: 371   steps_total: 106418 time: 7.97  
Epi: 363  R: -1      outcome: COLL_WALL    steps: 79    steps_total: 106497 time: 1.61  
Epi: 364  R: 1       outcome: COLL_WALL    steps: 329   steps_total: 106826 time: 7.20  
Epi: 365  R: 2       outcome: SUCCESS      steps: 131   steps_total: 106957 time: 2.95  
Epi: 366  R: 0       outcome: COLL_WALL    steps: 73    steps_total: 107030 time: 1.66  
Epi: 367  R: 1       outcome: COLL_WALL    steps: 329   steps_total: 107359 time: 6.98  
Epi: 368  R: 0       outcome: COLL_WALL    steps: 195   steps_total: 107554 time: 4.30  
Epi: 369  R: 3       outcome: COLL_WALL    steps: 434   steps_total: 107988 time: 9.73  
Epi: 370  R: 2       outcome: SUCCESS      steps: 60    steps_total: 108048 time: 1.35  
Epi: 371  R: 2       outcome: COLL_WALL    steps: 179   steps_total: 108227 time: 3.95  
Epi: 372  R: 2       outcome: COLL_WALL    steps: 263   steps_total: 108490 time: 5.54  
Epi: 373  R: 0       outcome: COLL_WALL    steps: 168   steps_total: 108658 time: 3.71  
Epi: 374  R: -1      outcome: COLL_WALL    steps: 43    steps_total: 108701 time: 0.94  
Epi: 375  R: 1       outcome: COLL_WALL    steps: 260   steps_total: 108961 time: 5.54  
Epi: 376  R: 0       outcome: COLL_WALL    steps: 329   steps_total: 109290 time: 7.02  
Epi: 377  R: 0       outcome: COLL_WALL    steps: 209   steps_total: 109499 time: 4.71  
Epi: 378  R: 1       outcome: COLL_WALL    steps: 164   steps_total: 109663 time: 3.67  
Epi: 379  R: 0       outcome: COLL_WALL    steps: 279   steps_total: 109942 time: 6.05  
Epi: 380  R: -1      outcome: COLL_WALL    steps: 30    steps_total: 109972 time: 0.62  
Epi: 381  R: -1      outcome: COLL_WALL    steps: 66    steps_total: 110038 time: 1.43  
Epi: 382  R: 1       outcome: COLL_WALL    steps: 327   steps_total: 110365 time: 7.22  
Epi: 383  R: -0      outcome: COLL_WALL    steps: 312   steps_total: 110677 time: 6.86  
Epi: 384  R: 3       outcome: SUCCESS      steps: 113   steps_total: 110790 time: 2.41  
Epi: 385  R: 2       outcome: COLL_WALL    steps: 264   steps_total: 111054 time: 5.80  
Epi: 386  R: -0      outcome: COLL_WALL    steps: 416   steps_total: 111470 time: 9.19  
Epi: 387  R: 0       outcome: COLL_WALL    steps: 86    steps_total: 111556 time: 1.82  
Epi: 388  R: 1       outcome: COLL_WALL    steps: 183   steps_total: 111739 time: 3.93  
Epi: 389  R: 2       outcome: SUCCESS      steps: 95    steps_total: 111834 time: 2.12  
Epi: 390  R: 0       outcome: COLL_WALL    steps: 259   steps_total: 112093 time: 5.77  
Epi: 391  R: 1       outcome: COLL_WALL    steps: 189   steps_total: 112282 time: 4.19  
Epi: 392  R: -1      outcome: COLL_WALL    steps: 30    steps_total: 112312 time: 0.65  
Epi: 393  R: 1       outcome: COLL_WALL    steps: 166   steps_total: 112478 time: 3.57  
Epi: 394  R: -0      outcome: COLL_WALL    steps: 237   steps_total: 112715 time: 4.86  
Epi: 395  R: 0       outcome: COLL_WALL    steps: 183   steps_total: 112898 time: 3.93  
Epi: 396  R: 0       outcome: COLL_WALL    steps: 197   steps_total: 113095 time: 4.26  
Epi: 397  R: -0      outcome: COLL_WALL    steps: 446   steps_total: 113541 time: 9.44  
Epi: 398  R: -1      outcome: COLL_WALL    steps: 33    steps_total: 113574 time: 0.71  
Epi: 399  R: 2       outcome: COLL_WALL    steps: 578   steps_total: 114152 time: 12.73 
Epi: 400  R: -0      outcome: COLL_WALL    steps: 156   steps_total: 114308 time: 3.36  
saving data for episode: 400, location: /home/kaushik/project/deep-rl-robot-navigation/src/turtlebot3_drl/model/fond-filly/ddpg_13_stage_9
saving actor model for episode: 400
saving target_actor model for episode: 400
saving critic model for episode: 400
saving target_critic model for episode: 400
[val] ep 400: 30.0% over 20 det. eps  |  best: 30.0% @ ep 300
Epi: 401  R: 1       outcome: SUCCESS      steps: 30    steps_total: 114338 time: 0.64  
Epi: 402  R: 1       outcome: COLL_WALL    steps: 135   steps_total: 114473 time: 2.82  
Epi: 403  R: 3       outcome: SUCCESS      steps: 118   steps_total: 114591 time: 2.50  
Epi: 404  R: 0       outcome: COLL_WALL    steps: 296   steps_total: 114887 time: 6.31  
Epi: 405  R: 1       outcome: COLL_WALL    steps: 324   steps_total: 115211 time: 6.94  
Epi: 406  R: 3       outcome: SUCCESS      steps: 118   steps_total: 115329 time: 2.63  
Epi: 407  R: 0       outcome: COLL_WALL    steps: 99    steps_total: 115428 time: 2.20  
Epi: 408  R: 2       outcome: COLL_WALL    steps: 239   steps_total: 115667 time: 5.05  
Epi: 409  R: -1      outcome: COLL_WALL    steps: 245   steps_total: 115912 time: 5.17  
Epi: 410  R: -0      outcome: COLL_WALL    steps: 30    steps_total: 115942 time: 0.66  
Epi: 411  R: 5       outcome: SUCCESS      steps: 349   steps_total: 116291 time: 7.43  
Epi: 412  R: -0      outcome: COLL_WALL    steps: 41    steps_total: 116332 time: 0.84  
Epi: 413  R: 2       outcome: SUCCESS      steps: 113   steps_total: 116445 time: 2.47  
Epi: 414  R: -0      outcome: COLL_WALL    steps: 96    steps_total: 116541 time: 2.07  
Epi: 415  R: -2      outcome: COLL_WALL    steps: 49    steps_total: 116590 time: 1.07  
Epi: 416  R: 1       outcome: COLL_WALL    steps: 107   steps_total: 116697 time: 2.29  
Epi: 417  R: 3       outcome: SUCCESS      steps: 147   steps_total: 116844 time: 3.00  
Epi: 418  R: 5       outcome: SUCCESS      steps: 192   steps_total: 117036 time: 3.96  
Epi: 419  R: 4       outcome: SUCCESS      steps: 166   steps_total: 117202 time: 3.73  
Epi: 420  R: 1       outcome: COLL_WALL    steps: 232   steps_total: 117434 time: 5.16  
Epi: 421  R: -0      outcome: COLL_WALL    steps: 37    steps_total: 117471 time: 0.83  
Epi: 422  R: 2       outcome: COLL_WALL    steps: 218   steps_total: 117689 time: 4.72  
Epi: 423  R: -0      outcome: COLL_WALL    steps: 37    steps_total: 117726 time: 0.81  
Epi: 424  R: 1       outcome: COLL_WALL    steps: 317   steps_total: 118043 time: 7.12  
Epi: 425  R: -1      outcome: COLL_WALL    steps: 112   steps_total: 118155 time: 2.43  
Epi: 426  R: -0      outcome: COLL_WALL    steps: 74    steps_total: 118229 time: 1.58  
Epi: 427  R: 1       outcome: COLL_WALL    steps: 162   steps_total: 118391 time: 3.46  
Epi: 428  R: 3       outcome: SUCCESS      steps: 111   steps_total: 118502 time: 2.32  
Epi: 429  R: -0      outcome: COLL_WALL    steps: 43    steps_total: 118545 time: 0.89  
Epi: 430  R: 0       outcome: COLL_WALL    steps: 175   steps_total: 118720 time: 3.55  
Epi: 431  R: 3       outcome: SUCCESS      steps: 169   steps_total: 118889 time: 3.53  
Epi: 432  R: 5       outcome: SUCCESS      steps: 186   steps_total: 119075 time: 3.87  
Epi: 433  R: 2       outcome: COLL_WALL    steps: 160   steps_total: 119235 time: 3.84  
Epi: 434  R: -1      outcome: COLL_WALL    steps: 58    steps_total: 119293 time: 1.31  
Epi: 435  R: 1       outcome: COLL_WALL    steps: 67    steps_total: 119360 time: 1.49  
Epi: 436  R: -1      outcome: COLL_WALL    steps: 143   steps_total: 119503 time: 3.15  
Epi: 437  R: 4       outcome: SUCCESS      steps: 195   steps_total: 119698 time: 4.24  
Epi: 438  R: -0      outcome: COLL_WALL    steps: 49    steps_total: 119747 time: 1.09  
Epi: 439  R: -0      outcome: COLL_WALL    steps: 65    steps_total: 119812 time: 1.39  
Epi: 440  R: -1      outcome: COLL_WALL    steps: 35    steps_total: 119847 time: 0.78  
Epi: 441  R: 1       outcome: COLL_WALL    steps: 213   steps_total: 120060 time: 4.90  
Epi: 442  R: 3       outcome: SUCCESS      steps: 88    steps_total: 120148 time: 2.94  
Epi: 443  R: -0      outcome: COLL_WALL    steps: 32    steps_total: 120180 time: 1.39  
Epi: 444  R: 1       outcome: COLL_WALL    steps: 112   steps_total: 120292 time: 4.75  
Epi: 445  R: 3       outcome: SUCCESS      steps: 77    steps_total: 120369 time: 2.62  
Epi: 446  R: -1      outcome: COLL_WALL    steps: 30    steps_total: 120399 time: 1.28  
Epi: 447  R: 2       outcome: COLL_WALL    steps: 163   steps_total: 120562 time: 6.89  
Epi: 448  R: -1      outcome: COLL_WALL    steps: 36    steps_total: 120598 time: 1.30  
Epi: 449  R: 1       outcome: COLL_WALL    steps: 159   steps_total: 120757 time: 6.14  
Epi: 450  R: -1      outcome: COLL_WALL    steps: 52    steps_total: 120809 time: 2.19  
Epi: 451  R: 0       outcome: COLL_WALL    steps: 83    steps_total: 120892 time: 3.40  
Epi: 452  R: 0       outcome: COLL_WALL    steps: 84    steps_total: 120976 time: 3.43  
Epi: 453  R: 1       outcome: COLL_WALL    steps: 247   steps_total: 121223 time: 9.45  
Epi: 454  R: 3       outcome: SUCCESS      steps: 56    steps_total: 121279 time: 2.38  
Epi: 455  R: 5       outcome: SUCCESS      steps: 109   steps_total: 121388 time: 4.63  
Epi: 456  R: 5       outcome: SUCCESS      steps: 111   steps_total: 121499 time: 4.72  
Epi: 457  R: 0       outcome: COLL_WALL    steps: 34    steps_total: 121533 time: 1.46  
Epi: 458  R: 3       outcome: SUCCESS      steps: 74    steps_total: 121607 time: 2.90  
Epi: 459  R: 5       outcome: SUCCESS      steps: 121   steps_total: 121728 time: 4.51  
Epi: 460  R: -1      outcome: COLL_WALL    steps: 30    steps_total: 121758 time: 1.28  
Epi: 461  R: 2       outcome: SUCCESS      steps: 36    steps_total: 121794 time: 1.53  
Epi: 462  R: 5       outcome: SUCCESS      steps: 117   steps_total: 121911 time: 4.98  
Epi: 463  R: 5       outcome: SUCCESS      steps: 137   steps_total: 122048 time: 5.81  
Epi: 464  R: 5       outcome: SUCCESS      steps: 119   steps_total: 122167 time: 4.17  
Epi: 465  R: 2       outcome: COLL_WALL    steps: 167   steps_total: 122334 time: 7.10  
Epi: 466  R: 5       outcome: SUCCESS      steps: 122   steps_total: 122456 time: 5.21  
Epi: 467  R: 2       outcome: COLL_WALL    steps: 182   steps_total: 122638 time: 7.57  
Epi: 468  R: 2       outcome: COLL_WALL    steps: 86    steps_total: 122724 time: 3.09  
Epi: 469  R: 0       outcome: COLL_WALL    steps: 101   steps_total: 122825 time: 4.30  
Epi: 470  R: -1      outcome: COLL_WALL    steps: 30    steps_total: 122855 time: 1.28  
Epi: 471  R: -1      outcome: COLL_WALL    steps: 51    steps_total: 122906 time: 2.18  
Epi: 472  R: 0       outcome: COLL_WALL    steps: 81    steps_total: 122987 time: 3.46  
Epi: 473  R: 4       outcome: SUCCESS      steps: 173   steps_total: 123160 time: 6.99  
Epi: 474  R: -1      outcome: COLL_WALL    steps: 32    steps_total: 123192 time: 0.80  
Epi: 475  R: 6       outcome: SUCCESS      steps: 245   steps_total: 123437 time: 10.44 
Epi: 476  R: 2       outcome: COLL_WALL    steps: 159   steps_total: 123596 time: 6.77  
Epi: 477  R: 3       outcome: COLL_WALL    steps: 173   steps_total: 123769 time: 6.24  
Epi: 478  R: 1       outcome: COLL_WALL    steps: 284   steps_total: 124053 time: 12.01 
Epi: 479  R: 0       outcome: COLL_WALL    steps: 282   steps_total: 124335 time: 10.76 
Epi: 480  R: 0       outcome: COLL_WALL    steps: 64    steps_total: 124399 time: 2.72  
Epi: 481  R: 1       outcome: COLL_WALL    steps: 67    steps_total: 124466 time: 2.86  
Epi: 482  R: 0       outcome: COLL_WALL    steps: 47    steps_total: 124513 time: 2.01  
Epi: 483  R: 4       outcome: SUCCESS      steps: 157   steps_total: 124670 time: 6.73  
Epi: 484  R: 3       outcome: COLL_WALL    steps: 162   steps_total: 124832 time: 6.05  
Epi: 485  R: -0      outcome: COLL_WALL    steps: 108   steps_total: 124940 time: 4.60  
Epi: 486  R: 4       outcome: SUCCESS      steps: 106   steps_total: 125046 time: 4.52  
Epi: 487  R: 5       outcome: SUCCESS      steps: 129   steps_total: 125175 time: 5.51  
Epi: 488  R: 2       outcome: COLL_WALL    steps: 127   steps_total: 125302 time: 4.74  
Epi: 489  R: 1       outcome: COLL_WALL    steps: 96    steps_total: 125398 time: 4.09  
Epi: 490  R: 1       outcome: COLL_WALL    steps: 89    steps_total: 125487 time: 3.84  
Epi: 491  R: 3       outcome: SUCCESS      steps: 78    steps_total: 125565 time: 3.38  
Epi: 492  R: 2       outcome: COLL_WALL    steps: 175   steps_total: 125740 time: 7.47  
Epi: 493  R: 1       outcome: COLL_WALL    steps: 254   steps_total: 125994 time: 10.26 
Epi: 494  R: 2       outcome: COLL_WALL    steps: 123   steps_total: 126117 time: 5.26  
Epi: 495  R: 1       outcome: COLL_WALL    steps: 95    steps_total: 126212 time: 3.97  
Epi: 496  R: 3       outcome: SUCCESS      steps: 91    steps_total: 126303 time: 3.49  
Epi: 497  R: 0       outcome: COLL_WALL    steps: 44    steps_total: 126347 time: 1.83  
Epi: 498  R: 3       outcome: SUCCESS      steps: 91    steps_total: 126438 time: 3.87  
Epi: 499  R: 2       outcome: COLL_WALL    steps: 107   steps_total: 126545 time: 4.57  
Epi: 500  R: 3       outcome: SUCCESS      steps: 79    steps_total: 126624 time: 3.36  
saving data for episode: 500, location: /home/kaushik/project/deep-rl-robot-navigation/src/turtlebot3_drl/model/fond-filly/ddpg_13_stage_9
saving actor model for episode: 500
saving target_actor model for episode: 500
saving critic model for episode: 500
saving target_critic model for episode: 500
[val] ep 500: 30.0% over 20 det. eps  |  best: 30.0% @ ep 300
Epi: 501  R: -1      outcome: COLL_WALL    steps: 56    steps_total: 126680 time: 2.43  
Epi: 502  R: 5       outcome: SUCCESS      steps: 127   steps_total: 126807 time: 5.09  
Epi: 503  R: 2       outcome: COLL_WALL    steps: 99    steps_total: 126906 time: 3.39  
Epi: 504  R: 1       outcome: COLL_WALL    steps: 116   steps_total: 127022 time: 4.96  
Epi: 505  R: -1      outcome: COLL_WALL    steps: 30    steps_total: 127052 time: 1.29  
Epi: 506  R: -0      outcome: COLL_WALL    steps: 30    steps_total: 127082 time: 1.29  
Epi: 507  R: 3       outcome: COLL_WALL    steps: 128   steps_total: 127210 time: 5.47  
Epi: 508  R: -1      outcome: COLL_WALL    steps: 30    steps_total: 127240 time: 1.27  
Epi: 509  R: 0       outcome: COLL_WALL    steps: 126   steps_total: 127366 time: 4.20  
Epi: 510  R: 1       outcome: COLL_WALL    steps: 160   steps_total: 127526 time: 5.92  
Epi: 511  R: 2       outcome: COLL_WALL    steps: 125   steps_total: 127651 time: 5.31  
Epi: 512  R: 0       outcome: COLL_WALL    steps: 30    steps_total: 127681 time: 1.28  
Epi: 513  R: 1       outcome: COLL_WALL    steps: 96    steps_total: 127777 time: 4.11  
Epi: 514  R: 2       outcome: SUCCESS      steps: 166   steps_total: 127943 time: 6.32  
Epi: 515  R: -0      outcome: COLL_WALL    steps: 36    steps_total: 127979 time: 1.53  
Epi: 516  R: -1      outcome: COLL_WALL    steps: 92    steps_total: 128071 time: 3.88  
Epi: 517  R: 0       outcome: COLL_WALL    steps: 289   steps_total: 128360 time: 11.94 
Epi: 518  R: 1       outcome: COLL_WALL    steps: 184   steps_total: 128544 time: 4.29  
Epi: 519  R: 1       outcome: COLL_WALL    steps: 123   steps_total: 128667 time: 2.71  
Epi: 520  R: 0       outcome: TUMBLE       steps: 34    steps_total: 128701 time: 0.74  
Epi: 521  R: -1      outcome: COLL_WALL    steps: 32    steps_total: 128733 time: 0.71  
Epi: 522  R: -1      outcome: COLL_WALL    steps: 37    steps_total: 128770 time: 0.76  
Epi: 523  R: -0      outcome: COLL_WALL    steps: 30    steps_total: 128800 time: 0.62  
Epi: 524  R: 2       outcome: COLL_WALL    steps: 302   steps_total: 129102 time: 6.41  
Epi: 525  R: 2       outcome: SUCCESS      steps: 48    steps_total: 129150 time: 1.12  
Epi: 526  R: 1       outcome: COLL_WALL    steps: 116   steps_total: 129266 time: 2.59  
Epi: 527  R: -1      outcome: COLL_WALL    steps: 43    steps_total: 129309 time: 0.96  
Epi: 528  R: -1      outcome: COLL_WALL    steps: 201   steps_total: 129510 time: 4.34  
Epi: 529  R: 2       outcome: COLL_WALL    steps: 161   steps_total: 129671 time: 3.60  
Epi: 530  R: 2       outcome: COLL_WALL    steps: 244   steps_total: 129915 time: 5.28  
Epi: 531  R: 3       outcome: SUCCESS      steps: 71    steps_total: 129986 time: 1.63  
Epi: 532  R: 2       outcome: COLL_WALL    steps: 133   steps_total: 130119 time: 2.89  
Epi: 533  R: 0       outcome: COLL_WALL    steps: 216   steps_total: 130335 time: 4.77  
Epi: 534  R: 1       outcome: COLL_WALL    steps: 156   steps_total: 130491 time: 3.46  
Epi: 535  R: 5       outcome: SUCCESS      steps: 322   steps_total: 130813 time: 6.97  
Epi: 536  R: 5       outcome: SUCCESS      steps: 180   steps_total: 130993 time: 3.64  
Epi: 537  R: 5       outcome: SUCCESS      steps: 191   steps_total: 131184 time: 3.95  
Epi: 538  R: 4       outcome: SUCCESS      steps: 203   steps_total: 131387 time: 4.20  
Epi: 539  R: 5       outcome: SUCCESS      steps: 206   steps_total: 131593 time: 4.46  
Epi: 540  R: 0       outcome: COLL_WALL    steps: 101   steps_total: 131694 time: 2.26  
Epi: 541  R: 0       outcome: COLL_WALL    steps: 129   steps_total: 131823 time: 2.96  
Epi: 542  R: 1       outcome: COLL_WALL    steps: 274   steps_total: 132097 time: 6.08  
Epi: 543  R: -0      outcome: COLL_WALL    steps: 104   steps_total: 132201 time: 2.36  
Epi: 544  R: -1      outcome: COLL_WALL    steps: 30    steps_total: 132231 time: 0.64  
Epi: 545  R: 1       outcome: COLL_WALL    steps: 83    steps_total: 132314 time: 1.81  
Epi: 546  R: 1       outcome: COLL_WALL    steps: 116   steps_total: 132430 time: 2.60  
Epi: 547  R: 1       outcome: COLL_WALL    steps: 79    steps_total: 132509 time: 1.79  
Epi: 548  R: 4       outcome: SUCCESS      steps: 260   steps_total: 132769 time: 5.69  
Epi: 549  R: 4       outcome: SUCCESS      steps: 163   steps_total: 132932 time: 3.61  
Epi: 550  R: 5       outcome: SUCCESS      steps: 182   steps_total: 133114 time: 4.06  
Epi: 551  R: 5       outcome: SUCCESS      steps: 186   steps_total: 133300 time: 4.17  
Epi: 552  R: 2       outcome: COLL_WALL    steps: 135   steps_total: 133435 time: 2.87  
Epi: 553  R: 1       outcome: COLL_WALL    steps: 182   steps_total: 133617 time: 3.89  
Epi: 554  R: 3       outcome: SUCCESS      steps: 91    steps_total: 133708 time: 1.92  
Epi: 555  R: 0       outcome: COLL_WALL    steps: 78    steps_total: 133786 time: 1.60  
Epi: 556  R: 4       outcome: SUCCESS      steps: 308   steps_total: 134094 time: 6.67  
Epi: 557  R: 1       outcome: COLL_WALL    steps: 115   steps_total: 134209 time: 2.46  
Epi: 558  R: -1      outcome: COLL_WALL    steps: 209   steps_total: 134418 time: 4.48  
Epi: 559  R: 3       outcome: COLL_WALL    steps: 205   steps_total: 134623 time: 4.22  
Epi: 560  R: 1       outcome: COLL_WALL    steps: 78    steps_total: 134701 time: 1.63  
Epi: 561  R: -0      outcome: COLL_WALL    steps: 50    steps_total: 134751 time: 1.09  
Epi: 562  R: 1       outcome: COLL_WALL    steps: 124   steps_total: 134875 time: 2.60  
Epi: 563  R: -1      outcome: COLL_WALL    steps: 39    steps_total: 134914 time: 0.81  
Epi: 564  R: -0      outcome: COLL_WALL    steps: 137   steps_total: 135051 time: 4.52  
Epi: 565  R: 1       outcome: COLL_WALL    steps: 175   steps_total: 135226 time: 7.20  
Epi: 566  R: 4       outcome: SUCCESS      steps: 286   steps_total: 135512 time: 11.74 
Epi: 567  R: 3       outcome: COLL_WALL    steps: 133   steps_total: 135645 time: 4.97  
Epi: 568  R: 3       outcome: SUCCESS      steps: 54    steps_total: 135699 time: 2.29  
Epi: 569  R: 5       outcome: SUCCESS      steps: 207   steps_total: 135906 time: 8.81  
Epi: 570  R: 2       outcome: COLL_WALL    steps: 149   steps_total: 136055 time: 5.99  
Epi: 571  R: 2       outcome: COLL_WALL    steps: 155   steps_total: 136210 time: 5.99  
Epi: 572  R: 3       outcome: SUCCESS      steps: 160   steps_total: 136370 time: 6.76  
Epi: 573  R: 0       outcome: COLL_WALL    steps: 94    steps_total: 136464 time: 3.96  
Epi: 574  R: 1       outcome: COLL_WALL    steps: 68    steps_total: 136532 time: 2.81  
Epi: 575  R: 0       outcome: COLL_WALL    steps: 161   steps_total: 136693 time: 6.26  
Epi: 576  R: -1      outcome: COLL_WALL    steps: 56    steps_total: 136749 time: 2.37  
Epi: 577  R: 0       outcome: COLL_WALL    steps: 75    steps_total: 136824 time: 3.18  
Epi: 578  R: -0      outcome: COLL_WALL    steps: 179   steps_total: 137003 time: 7.59  
Epi: 579  R: 1       outcome: COLL_WALL    steps: 122   steps_total: 137125 time: 4.22  
Epi: 580  R: 2       outcome: SUCCESS      steps: 49    steps_total: 137174 time: 2.09  
Epi: 581  R: 5       outcome: SUCCESS      steps: 134   steps_total: 137308 time: 5.70  
Epi: 582  R: -1      outcome: COLL_WALL    steps: 33    steps_total: 137341 time: 1.40  
Epi: 583  R: 2       outcome: SUCCESS      steps: 35    steps_total: 137376 time: 1.50  
Epi: 584  R: -0      outcome: COLL_WALL    steps: 126   steps_total: 137502 time: 5.36  
Epi: 585  R: 1       outcome: COLL_WALL    steps: 245   steps_total: 137747 time: 9.35  
Epi: 586  R: 3       outcome: SUCCESS      steps: 75    steps_total: 137822 time: 3.17  
Epi: 587  R: 5       outcome: SUCCESS      steps: 185   steps_total: 138007 time: 7.88  
Epi: 588  R: 3       outcome: COLL_WALL    steps: 353   steps_total: 138360 time: 13.94 
Epi: 589  R: -1      outcome: COLL_WALL    steps: 30    steps_total: 138390 time: 1.27  
Epi: 590  R: 0       outcome: COLL_WALL    steps: 50    steps_total: 138440 time: 2.12  
Epi: 591  R: 4       outcome: SUCCESS      steps: 215   steps_total: 138655 time: 8.91  
Epi: 592  R: -0      outcome: COLL_WALL    steps: 30    steps_total: 138685 time: 1.08  
Epi: 593  R: -0      outcome: COLL_WALL    steps: 132   steps_total: 138817 time: 5.36  
Epi: 594  R: 1       outcome: COLL_WALL    steps: 106   steps_total: 138923 time: 4.36  
Epi: 595  R: -0      outcome: COLL_WALL    steps: 72    steps_total: 138995 time: 3.00  
Epi: 596  R: 3       outcome: SUCCESS      steps: 132   steps_total: 139127 time: 4.99  
Epi: 597  R: 5       outcome: SUCCESS      steps: 173   steps_total: 139300 time: 6.66  
Epi: 598  R: 0       outcome: COLL_WALL    steps: 76    steps_total: 139376 time: 3.26  
Epi: 599  R: -0      outcome: COLL_WALL    steps: 63    steps_total: 139439 time: 2.69  
Epi: 600  R: 3       outcome: COLL_WALL    steps: 150   steps_total: 139589 time: 6.41  
saving data for episode: 600, location: /home/kaushik/project/deep-rl-robot-navigation/src/turtlebot3_drl/model/fond-filly/ddpg_13_stage_9
saving actor model for episode: 600
saving target_actor model for episode: 600
saving critic model for episode: 600
saving target_critic model for episode: 600
[val] ep 600: 35.0% over 20 det. eps  |  best: 30.0% @ ep 300
[val] NEW BEST CHECKPOINT — ep 600, success 35.0%
Epi: 601  R: -1      outcome: COLL_WALL    steps: 30    steps_total: 139619 time: 0.81  
Epi: 602  R: 2       outcome: SUCCESS      steps: 103   steps_total: 139722 time: 4.56  
Epi: 603  R: 5       outcome: SUCCESS      steps: 142   steps_total: 139864 time: 6.13  
Epi: 604  R: 1       outcome: COLL_WALL    steps: 142   steps_total: 140006 time: 6.08  
Epi: 605  R: 1       outcome: COLL_WALL    steps: 307   steps_total: 140313 time: 12.72 
Epi: 606  R: 5       outcome: SUCCESS      steps: 143   steps_total: 140456 time: 6.39  
Epi: 607  R: -0      outcome: COLL_WALL    steps: 34    steps_total: 140490 time: 1.49  
Epi: 608  R: 1       outcome: SUCCESS      steps: 30    steps_total: 140520 time: 1.27  
Epi: 609  R: 1       outcome: COLL_WALL    steps: 94    steps_total: 140614 time: 3.45  
Epi: 610  R: 1       outcome: COLL_WALL    steps: 70    steps_total: 140684 time: 3.02  
Epi: 611  R: 2       outcome: COLL_WALL    steps: 137   steps_total: 140821 time: 6.04  
Epi: 612  R: -0      outcome: COLL_WALL    steps: 127   steps_total: 140948 time: 5.59  
Epi: 613  R: 5       outcome: SUCCESS      steps: 140   steps_total: 141088 time: 5.75  
Epi: 614  R: 2       outcome: COLL_WALL    steps: 113   steps_total: 141201 time: 4.32  
Epi: 615  R: 0       outcome: COLL_WALL    steps: 78    steps_total: 141279 time: 3.33  
Epi: 616  R: 1       outcome: COLL_WALL    steps: 352   steps_total: 141631 time: 14.63 
Epi: 617  R: 0       outcome: COLL_WALL    steps: 103   steps_total: 141734 time: 3.81  
Epi: 618  R: 1       outcome: COLL_WALL    steps: 237   steps_total: 141971 time: 10.06 
Epi: 619  R: 1       outcome: COLL_WALL    steps: 66    steps_total: 142037 time: 2.81  
Epi: 620  R: 4       outcome: SUCCESS      steps: 132   steps_total: 142169 time: 5.14  
Epi: 621  R: -0      outcome: COLL_WALL    steps: 145   steps_total: 142314 time: 5.57  
Epi: 622  R: 4       outcome: SUCCESS      steps: 140   steps_total: 142454 time: 5.96  
Epi: 623  R: 1       outcome: COLL_WALL    steps: 123   steps_total: 142577 time: 5.24  
Epi: 624  R: 5       outcome: SUCCESS      steps: 237   steps_total: 142814 time: 9.16  
Epi: 625  R: 2       outcome: COLL_WALL    steps: 107   steps_total: 142921 time: 4.54  
Epi: 626  R: 0       outcome: COLL_WALL    steps: 150   steps_total: 143071 time: 6.39  
Epi: 627  R: -0      outcome: COLL_WALL    steps: 85    steps_total: 143156 time: 3.64  
Epi: 628  R: 1       outcome: COLL_WALL    steps: 167   steps_total: 143323 time: 6.34  
Epi: 629  R: 4       outcome: SUCCESS      steps: 123   steps_total: 143446 time: 5.37  
Epi: 630  R: 5       outcome: SUCCESS      steps: 113   steps_total: 143559 time: 4.92  
Epi: 631  R: 0       outcome: COLL_WALL    steps: 41    steps_total: 143600 time: 1.77  
Epi: 632  R: 1       outcome: COLL_WALL    steps: 204   steps_total: 143804 time: 8.13  
Epi: 633  R: -1      outcome: COLL_WALL    steps: 53    steps_total: 143857 time: 2.26  
Epi: 634  R: 5       outcome: SUCCESS      steps: 114   steps_total: 143971 time: 4.68  
Epi: 635  R: 5       outcome: SUCCESS      steps: 109   steps_total: 144080 time: 4.36  
Epi: 636  R: 0       outcome: COLL_WALL    steps: 32    steps_total: 144112 time: 1.28  
Epi: 637  R: 3       outcome: SUCCESS      steps: 78    steps_total: 144190 time: 3.13  
Epi: 638  R: 2       outcome: COLL_WALL    steps: 131   steps_total: 144321 time: 4.65  
Epi: 639  R: 3       outcome: SUCCESS      steps: 173   steps_total: 144494 time: 6.27  
Epi: 640  R: 5       outcome: SUCCESS      steps: 105   steps_total: 144599 time: 4.27  
Epi: 641  R: 5       outcome: SUCCESS      steps: 121   steps_total: 144720 time: 4.86  
Epi: 642  R: -0      outcome: TUMBLE       steps: 30    steps_total: 144750 time: 1.21  
Epi: 643  R: 0       outcome: TUMBLE       steps: 30    steps_total: 144780 time: 1.22  
Epi: 644  R: 1       outcome: TUMBLE       steps: 40    steps_total: 144820 time: 1.47  
Epi: 645  R: 6       outcome: SUCCESS      steps: 236   steps_total: 145056 time: 8.74  
Epi: 646  R: 4       outcome: SUCCESS      steps: 151   steps_total: 145207 time: 6.05  
Epi: 647  R: 2       outcome: COLL_WALL    steps: 138   steps_total: 145345 time: 5.56  
Epi: 648  R: 3       outcome: SUCCESS      steps: 97    steps_total: 145442 time: 3.38  
Epi: 649  R: 2       outcome: COLL_WALL    steps: 108   steps_total: 145550 time: 3.67  
Epi: 650  R: 2       outcome: SUCCESS      steps: 61    steps_total: 145611 time: 2.43  
Epi: 651  R: 5       outcome: SUCCESS      steps: 165   steps_total: 145776 time: 6.66  
Epi: 652  R: 5       outcome: SUCCESS      steps: 133   steps_total: 145909 time: 5.37  
Epi: 653  R: 0       outcome: COLL_WALL    steps: 59    steps_total: 145968 time: 2.17  
Epi: 654  R: 3       outcome: SUCCESS      steps: 66    steps_total: 146034 time: 2.67  
Epi: 655  R: 5       outcome: SUCCESS      steps: 136   steps_total: 146170 time: 6.19  
Epi: 656  R: 5       outcome: SUCCESS      steps: 128   steps_total: 146298 time: 5.49  
Epi: 657  R: 1       outcome: COLL_WALL    steps: 68    steps_total: 146366 time: 2.93  
Epi: 658  R: 5       outcome: SUCCESS      steps: 154   steps_total: 146520 time: 5.34  
Epi: 659  R: 0       outcome: COLL_WALL    steps: 47    steps_total: 146567 time: 2.05  
Epi: 660  R: 1       outcome: COLL_WALL    steps: 307   steps_total: 146874 time: 13.21 
Epi: 661  R: 4       outcome: SUCCESS      steps: 85    steps_total: 146959 time: 3.47  
Epi: 662  R: 0       outcome: COLL_WALL    steps: 71    steps_total: 147030 time: 2.70  
Epi: 663  R: 1       outcome: COLL_WALL    steps: 85    steps_total: 147115 time: 3.39  
Epi: 664  R: 0       outcome: COLL_WALL    steps: 127   steps_total: 147242 time: 5.42  
Epi: 665  R: -0      outcome: COLL_WALL    steps: 116   steps_total: 147358 time: 4.97  
Epi: 666  R: -0      outcome: COLL_WALL    steps: 30    steps_total: 147388 time: 1.29  
Epi: 667  R: 1       outcome: COLL_WALL    steps: 105   steps_total: 147493 time: 4.29  
Epi: 668  R: 4       outcome: SUCCESS      steps: 170   steps_total: 147663 time: 6.28  
Epi: 669  R: 2       outcome: COLL_WALL    steps: 151   steps_total: 147814 time: 6.41  
Epi: 670  R: 1       outcome: COLL_WALL    steps: 112   steps_total: 147926 time: 4.79  
Epi: 671  R: 4       outcome: SUCCESS      steps: 186   steps_total: 148112 time: 6.69  
Epi: 672  R: 6       outcome: SUCCESS      steps: 180   steps_total: 148292 time: 7.81  
Epi: 673  R: 0       outcome: COLL_WALL    steps: 180   steps_total: 148472 time: 7.80  
Epi: 674  R: 4       outcome: SUCCESS      steps: 90    steps_total: 148562 time: 3.44  
Epi: 675  R: -1      outcome: COLL_WALL    steps: 30    steps_total: 148592 time: 0.98  
Epi: 676  R: 0       outcome: COLL_WALL    steps: 108   steps_total: 148700 time: 3.92  
Epi: 677  R: -1      outcome: COLL_WALL    steps: 91    steps_total: 148791 time: 3.90  
Epi: 678  R: -1      outcome: COLL_WALL    steps: 30    steps_total: 148821 time: 1.27  
Epi: 679  R: -1      outcome: COLL_WALL    steps: 55    steps_total: 148876 time: 2.34  
Epi: 680  R: 1       outcome: COLL_WALL    steps: 58    steps_total: 148934 time: 2.45  
Epi: 681  R: -0      outcome: COLL_WALL    steps: 315   steps_total: 149249 time: 12.42 
Epi: 682  R: 0       outcome: COLL_WALL    steps: 142   steps_total: 149391 time: 6.05  
Epi: 683  R: 0       outcome: COLL_WALL    steps: 245   steps_total: 149636 time: 10.27 
Epi: 684  R: 1       outcome: COLL_WALL    steps: 273   steps_total: 149909 time: 10.57 
Epi: 685  R: 1       outcome: COLL_WALL    steps: 252   steps_total: 150161 time: 10.76 
Epi: 686  R: 0       outcome: COLL_WALL    steps: 106   steps_total: 150267 time: 4.04  
Epi: 687  R: 5       outcome: SUCCESS      steps: 285   steps_total: 150552 time: 11.98 
Epi: 688  R: 5       outcome: SUCCESS      steps: 216   steps_total: 150768 time: 8.53  
Epi: 689  R: 5       outcome: SUCCESS      steps: 229   steps_total: 150997 time: 8.38  
Epi: 690  R: 5       outcome: SUCCESS      steps: 137   steps_total: 151134 time: 5.83  
Epi: 691  R: 6       outcome: SUCCESS      steps: 173   steps_total: 151307 time: 7.21  
Epi: 692  R: 5       outcome: SUCCESS      steps: 202   steps_total: 151509 time: 7.31  
Epi: 693  R: -0      outcome: COLL_WALL    steps: 30    steps_total: 151539 time: 1.22  
Epi: 694  R: 3       outcome: COLL_WALL    steps: 168   steps_total: 151707 time: 6.85  
Epi: 695  R: 2       outcome: SUCCESS      steps: 77    steps_total: 151784 time: 3.13  
Epi: 696  R: 2       outcome: COLL_WALL    steps: 103   steps_total: 151887 time: 3.79  
Epi: 697  R: 0       outcome: COLL_WALL    steps: 198   steps_total: 152085 time: 7.19  
Epi: 698  R: 4       outcome: SUCCESS      steps: 216   steps_total: 152301 time: 8.65  
Epi: 699  R: 3       outcome: COLL_WALL    steps: 145   steps_total: 152446 time: 5.63  
Epi: 700  R: -0      outcome: COLL_WALL    steps: 78    steps_total: 152524 time: 2.43  
saving data for episode: 700, location: /home/kaushik/project/deep-rl-robot-navigation/src/turtlebot3_drl/model/fond-filly/ddpg_13_stage_9
saving actor model for episode: 700
saving target_actor model for episode: 700
saving critic model for episode: 700
saving target_critic model for episode: 700
[val] ep 700: 30.0% over 20 det. eps  |  best: 35.0% @ ep 600
Epi: 701  R: 0       outcome: COLL_WALL    steps: 155   steps_total: 152679 time: 6.25  
Epi: 702  R: -1      outcome: COLL_WALL    steps: 155   steps_total: 152834 time: 6.26  
Epi: 703  R: 0       outcome: COLL_WALL    steps: 146   steps_total: 152980 time: 5.78  
Epi: 704  R: -1      outcome: COLL_WALL    steps: 61    steps_total: 153041 time: 2.00  
Epi: 705  R: 5       outcome: SUCCESS      steps: 197   steps_total: 153238 time: 8.41  
Epi: 706  R: 1       outcome: COLL_WALL    steps: 73    steps_total: 153311 time: 3.13  
Epi: 707  R: 3       outcome: SUCCESS      steps: 116   steps_total: 153427 time: 5.00  
Epi: 708  R: 2       outcome: COLL_WALL    steps: 166   steps_total: 153593 time: 6.00  
Epi: 709  R: -0      outcome: COLL_WALL    steps: 73    steps_total: 153666 time: 3.13  
Epi: 710  R: -3      outcome: COLL_WALL    steps: 61    steps_total: 153727 time: 2.62  
Epi: 711  R: 4       outcome: SUCCESS      steps: 210   steps_total: 153937 time: 8.99  
Epi: 712  R: 3       outcome: COLL_WALL    steps: 140   steps_total: 154077 time: 5.41  
Epi: 713  R: 5       outcome: SUCCESS      steps: 140   steps_total: 154217 time: 5.50  
Epi: 714  R: 0       outcome: COLL_WALL    steps: 91    steps_total: 154308 time: 3.90  
Epi: 715  R: 4       outcome: SUCCESS      steps: 161   steps_total: 154469 time: 6.85  
Epi: 716  R: 6       outcome: SUCCESS      steps: 143   steps_total: 154612 time: 5.76  
Epi: 717  R: -0      outcome: COLL_WALL    steps: 38    steps_total: 154650 time: 1.10  
Epi: 718  R: 5       outcome: SUCCESS      steps: 155   steps_total: 154805 time: 6.62  
Epi: 719  R: 5       outcome: SUCCESS      steps: 128   steps_total: 154933 time: 5.46  
Epi: 720  R: 1       outcome: COLL_WALL    steps: 55    steps_total: 154988 time: 2.34  
Epi: 721  R: 1       outcome: COLL_WALL    steps: 152   steps_total: 155140 time: 5.96  
Epi: 722  R: 0       outcome: COLL_WALL    steps: 173   steps_total: 155313 time: 7.31  
Epi: 723  R: 4       outcome: SUCCESS      steps: 120   steps_total: 155433 time: 5.11  
Epi: 724  R: 6       outcome: SUCCESS      steps: 141   steps_total: 155574 time: 6.01  
Epi: 725  R: 3       outcome: COLL_WALL    steps: 180   steps_total: 155754 time: 6.63  
Epi: 726  R: 4       outcome: SUCCESS      steps: 152   steps_total: 155906 time: 6.46  
Epi: 727  R: 3       outcome: COLL_WALL    steps: 150   steps_total: 156056 time: 6.43  
Epi: 728  R: 5       outcome: SUCCESS      steps: 251   steps_total: 156307 time: 9.46  
Epi: 729  R: 0       outcome: COLL_WALL    steps: 43    steps_total: 156350 time: 1.83  
Epi: 730  R: -1      outcome: COLL_WALL    steps: 30    steps_total: 156380 time: 1.27  
Epi: 731  R: 0       outcome: COLL_WALL    steps: 69    steps_total: 156449 time: 2.95  
Epi: 732  R: 5       outcome: SUCCESS      steps: 250   steps_total: 156699 time: 10.56 
Epi: 733  R: -0      outcome: COLL_WALL    steps: 74    steps_total: 156773 time: 2.53  
Epi: 734  R: 3       outcome: SUCCESS      steps: 103   steps_total: 156876 time: 4.39  
Epi: 735  R: 2       outcome: COLL_WALL    steps: 117   steps_total: 156993 time: 5.02  
Epi: 736  R: 1       outcome: COLL_WALL    steps: 116   steps_total: 157109 time: 4.99  
Epi: 737  R: -0      outcome: COLL_WALL    steps: 126   steps_total: 157235 time: 5.08  
Epi: 738  R: -1      outcome: COLL_WALL    steps: 30    steps_total: 157265 time: 1.27  
Epi: 739  R: 5       outcome: SUCCESS      steps: 153   steps_total: 157418 time: 6.42  
Epi: 740  R: 2       outcome: COLL_WALL    steps: 115   steps_total: 157533 time: 4.90  
Epi: 741  R: 2       outcome: COLL_WALL    steps: 94    steps_total: 157627 time: 4.05  
Epi: 742  R: 4       outcome: SUCCESS      steps: 154   steps_total: 157781 time: 6.29  
Epi: 743  R: 1       outcome: COLL_WALL    steps: 69    steps_total: 157850 time: 2.89  
Epi: 744  R: 1       outcome: COLL_WALL    steps: 60    steps_total: 157910 time: 2.52  
Epi: 745  R: 1       outcome: COLL_WALL    steps: 94    steps_total: 158004 time: 3.90  
Epi: 746  R: 4       outcome: SUCCESS      steps: 106   steps_total: 158110 time: 4.43  
Epi: 747  R: 6       outcome: SUCCESS      steps: 184   steps_total: 158294 time: 7.11  
Epi: 748  R: -0      outcome: COLL_WALL    steps: 47    steps_total: 158341 time: 1.25  
Epi: 749  R: 2       outcome: COLL_WALL    steps: 124   steps_total: 158465 time: 5.17  
Epi: 750  R: 3       outcome: COLL_WALL    steps: 207   steps_total: 158672 time: 8.63  
Epi: 751  R: 1       outcome: COLL_WALL    steps: 209   steps_total: 158881 time: 8.42  
Epi: 752  R: 1       outcome: COLL_WALL    steps: 87    steps_total: 158968 time: 3.88  
Epi: 753  R: 1       outcome: COLL_WALL    steps: 90    steps_total: 159058 time: 4.04  
Epi: 754  R: 1       outcome: COLL_WALL    steps: 47    steps_total: 159105 time: 2.04  
Epi: 755  R: 3       outcome: COLL_WALL    steps: 177   steps_total: 159282 time: 7.58  
Epi: 756  R: 2       outcome: COLL_WALL    steps: 272   steps_total: 159554 time: 10.94 
Epi: 757  R: 1       outcome: COLL_WALL    steps: 194   steps_total: 159748 time: 8.28  
Epi: 758  R: 5       outcome: SUCCESS      steps: 157   steps_total: 159905 time: 6.27  
Epi: 759  R: 3       outcome: COLL_WALL    steps: 152   steps_total: 160057 time: 6.47  
Epi: 760  R: 5       outcome: SUCCESS      steps: 142   steps_total: 160199 time: 6.12  
Epi: 761  R: -0      outcome: COLL_WALL    steps: 30    steps_total: 160229 time: 1.33  
Epi: 762  R: 4       outcome: SUCCESS      steps: 181   steps_total: 160410 time: 6.71  
Epi: 763  R: 5       outcome: SUCCESS      steps: 200   steps_total: 160610 time: 8.76  
Epi: 764  R: 2       outcome: COLL_WALL    steps: 131   steps_total: 160741 time: 5.71  
Epi: 765  R: -0      outcome: COLL_WALL    steps: 119   steps_total: 160860 time: 5.00  
Epi: 766  R: 4       outcome: SUCCESS      steps: 162   steps_total: 161022 time: 6.11  
Epi: 767  R: 3       outcome: COLL_WALL    steps: 251   steps_total: 161273 time: 10.79 
Epi: 768  R: 0       outcome: COLL_WALL    steps: 35    steps_total: 161308 time: 1.51  
Epi: 769  R: 5       outcome: SUCCESS      steps: 159   steps_total: 161467 time: 6.30  
Epi: 770  R: -0      outcome: COLL_WALL    steps: 51    steps_total: 161518 time: 2.20  
Epi: 771  R: 3       outcome: SUCCESS      steps: 57    steps_total: 161575 time: 2.45  
Epi: 772  R: 0       outcome: COLL_WALL    steps: 91    steps_total: 161666 time: 3.93  
Epi: 773  R: 5       outcome: SUCCESS      steps: 239   steps_total: 161905 time: 10.16 
Epi: 774  R: 0       outcome: COLL_WALL    steps: 74    steps_total: 161979 time: 2.53  
Epi: 775  R: 4       outcome: SUCCESS      steps: 206   steps_total: 162185 time: 8.79  
Epi: 776  R: 0       outcome: COLL_WALL    steps: 92    steps_total: 162277 time: 3.95  
Epi: 777  R: 1       outcome: COLL_WALL    steps: 142   steps_total: 162419 time: 5.27  
Epi: 778  R: 1       outcome: COLL_WALL    steps: 121   steps_total: 162540 time: 5.20  
Epi: 779  R: 2       outcome: COLL_WALL    steps: 193   steps_total: 162733 time: 8.35  
Epi: 780  R: 1       outcome: COLL_WALL    steps: 75    steps_total: 162808 time: 2.99  
Epi: 781  R: -0      outcome: COLL_WALL    steps: 37    steps_total: 162845 time: 1.47  
Epi: 782  R: 5       outcome: SUCCESS      steps: 135   steps_total: 162980 time: 5.21  
Epi: 783  R: -0      outcome: COLL_WALL    steps: 38    steps_total: 163018 time: 1.53  
Epi: 784  R: 4       outcome: SUCCESS      steps: 124   steps_total: 163142 time: 5.00  
Epi: 785  R: 6       outcome: SUCCESS      steps: 146   steps_total: 163288 time: 5.91  
Epi: 786  R: -0      outcome: COLL_WALL    steps: 30    steps_total: 163318 time: 1.09  
Epi: 787  R: 4       outcome: SUCCESS      steps: 166   steps_total: 163484 time: 5.87  
Epi: 788  R: 3       outcome: COLL_WALL    steps: 130   steps_total: 163614 time: 5.23  
Epi: 789  R: -0      outcome: COLL_WALL    steps: 82    steps_total: 163696 time: 3.30  
Epi: 790  R: 4       outcome: SUCCESS      steps: 137   steps_total: 163833 time: 5.53  
Epi: 791  R: 2       outcome: COLL_WALL    steps: 113   steps_total: 163946 time: 3.93  
Epi: 792  R: 0       outcome: COLL_WALL    steps: 52    steps_total: 163998 time: 2.13  
Epi: 793  R: -0      outcome: COLL_WALL    steps: 30    steps_total: 164028 time: 1.22  
Epi: 794  R: -1      outcome: COLL_WALL    steps: 31    steps_total: 164059 time: 1.25  
Epi: 795  R: -1      outcome: COLL_WALL    steps: 64    steps_total: 164123 time: 2.63  
Epi: 796  R: -0      outcome: COLL_WALL    steps: 71    steps_total: 164194 time: 2.90  
Epi: 797  R: 5       outcome: SUCCESS      steps: 212   steps_total: 164406 time: 8.39  
Epi: 798  R: 0       outcome: COLL_WALL    steps: 72    steps_total: 164478 time: 2.46  
Epi: 799  R: -0      outcome: COLL_WALL    steps: 30    steps_total: 164508 time: 1.27  
Epi: 800  R: -0      outcome: COLL_WALL    steps: 53    steps_total: 164561 time: 2.23  
saving data for episode: 800, location: /home/kaushik/project/deep-rl-robot-navigation/src/turtlebot3_drl/model/fond-filly/ddpg_13_stage_9
saving actor model for episode: 800
saving target_actor model for episode: 800
saving critic model for episode: 800
saving target_critic model for episode: 800
[val] ep 800: 35.0% over 20 det. eps  |  best: 35.0% @ ep 600
Epi: 801  R: 4       outcome: SUCCESS      steps: 224   steps_total: 164785 time: 9.71  
Epi: 802  R: 5       outcome: SUCCESS      steps: 140   steps_total: 164925 time: 6.12  
Epi: 803  R: 1       outcome: COLL_WALL    steps: 62    steps_total: 164987 time: 2.43  
Epi: 804  R: 1       outcome: COLL_WALL    steps: 115   steps_total: 165102 time: 4.42  
Epi: 805  R: 5       outcome: SUCCESS      steps: 129   steps_total: 165231 time: 5.69  
Epi: 806  R: 3       outcome: COLL_WALL    steps: 133   steps_total: 165364 time: 5.86  
Epi: 807  R: 1       outcome: SUCCESS      steps: 30    steps_total: 165394 time: 1.32  
Epi: 808  R: 2       outcome: COLL_WALL    steps: 96    steps_total: 165490 time: 3.64  
Epi: 809  R: -0      outcome: COLL_WALL    steps: 121   steps_total: 165611 time: 5.37  
Epi: 810  R: 1       outcome: COLL_WALL    steps: 60    steps_total: 165671 time: 2.67  
Epi: 811  R: -1      outcome: COLL_WALL    steps: 48    steps_total: 165719 time: 2.03  
Epi: 812  R: 3       outcome: COLL_WALL    steps: 559   steps_total: 166278 time: 23.06 
Epi: 813  R: -1      outcome: COLL_WALL    steps: 30    steps_total: 166308 time: 1.29  
Epi: 814  R: 5       outcome: SUCCESS      steps: 127   steps_total: 166435 time: 5.34  
Epi: 815  R: -1      outcome: COLL_WALL    steps: 50    steps_total: 166485 time: 1.88  
Epi: 816  R: 1       outcome: COLL_WALL    steps: 146   steps_total: 166631 time: 5.78  
Epi: 817  R: 1       outcome: COLL_WALL    steps: 75    steps_total: 166706 time: 3.22  
Epi: 818  R: -2      outcome: COLL_WALL    steps: 119   steps_total: 166825 time: 5.12  
Epi: 819  R: -1      outcome: COLL_WALL    steps: 37    steps_total: 166862 time: 1.60  
Epi: 820  R: 0       outcome: COLL_WALL    steps: 88    steps_total: 166950 time: 3.52  
Epi: 821  R: -0      outcome: COLL_WALL    steps: 58    steps_total: 167008 time: 2.10  
Epi: 822  R: -1      outcome: COLL_WALL    steps: 40    steps_total: 167048 time: 1.72  
Epi: 823  R: 5       outcome: SUCCESS      steps: 140   steps_total: 167188 time: 6.04  
Epi: 824  R: -0      outcome: COLL_WALL    steps: 46    steps_total: 167234 time: 1.96  
Epi: 825  R: 2       outcome: SUCCESS      steps: 119   steps_total: 167353 time: 5.19  
Epi: 826  R: 0       outcome: COLL_WALL    steps: 56    steps_total: 167409 time: 2.44  
Epi: 827  R: 4       outcome: SUCCESS      steps: 272   steps_total: 167681 time: 10.91 
Epi: 828  R: 5       outcome: SUCCESS      steps: 176   steps_total: 167857 time: 7.55  
Epi: 829  R: 3       outcome: COLL_WALL    steps: 173   steps_total: 168030 time: 7.04  
Epi: 830  R: 6       outcome: SUCCESS      steps: 178   steps_total: 168208 time: 6.82  
Epi: 831  R: 1       outcome: COLL_WALL    steps: 78    steps_total: 168286 time: 3.25  
